Archive member included to satisfy reference by file (symbol)

C:/ST/IDE2/STM32CubeIDE/plugins/com.st.stm32cube.ide.mcu.externaltools.gnu-tools-for-stm32.13.3.rel1.win32_1.0.100.202509120712/tools/bin/../lib/gcc/arm-none-eabi/13.3.1/../../../../arm-none-eabi/lib/thumb/v8-m.main+fp/hard\libc_nano.a(libc_a-exit.o)
                              C:/ST/IDE2/STM32CubeIDE/plugins/com.st.stm32cube.ide.mcu.externaltools.gnu-tools-for-stm32.13.3.rel1.win32_1.0.100.202509120712/tools/bin/../lib/gcc/arm-none-eabi/13.3.1/../../../../arm-none-eabi/lib/thumb/v8-m.main+fp/hard/crt0.o (exit)
C:/ST/IDE2/STM32CubeIDE/plugins/com.st.stm32cube.ide.mcu.externaltools.gnu-tools-for-stm32.13.3.rel1.win32_1.0.100.202509120712/tools/bin/../lib/gcc/arm-none-eabi/13.3.1/../../../../arm-none-eabi/lib/thumb/v8-m.main+fp/hard\libc_nano.a(libc_a-findfp.o)
                              C:/ST/IDE2/STM32CubeIDE/plugins/com.st.stm32cube.ide.mcu.externaltools.gnu-tools-for-stm32.13.3.rel1.win32_1.0.100.202509120712/tools/bin/../lib/gcc/arm-none-eabi/13.3.1/../../../../arm-none-eabi/lib/thumb/v8-m.main+fp/hard\libc_nano.a(libc_a-exit.o) (__stdio_exit_handler)
C:/ST/IDE2/STM32CubeIDE/plugins/com.st.stm32cube.ide.mcu.externaltools.gnu-tools-for-stm32.13.3.rel1.win32_1.0.100.202509120712/tools/bin/../lib/gcc/arm-none-eabi/13.3.1/../../../../arm-none-eabi/lib/thumb/v8-m.main+fp/hard\libc_nano.a(libc_a-fwalk.o)
                              C:/ST/IDE2/STM32CubeIDE/plugins/com.st.stm32cube.ide.mcu.externaltools.gnu-tools-for-stm32.13.3.rel1.win32_1.0.100.202509120712/tools/bin/../lib/gcc/arm-none-eabi/13.3.1/../../../../arm-none-eabi/lib/thumb/v8-m.main+fp/hard\libc_nano.a(libc_a-findfp.o) (_fwalk_sglue)
C:/ST/IDE2/STM32CubeIDE/plugins/com.st.stm32cube.ide.mcu.externaltools.gnu-tools-for-stm32.13.3.rel1.win32_1.0.100.202509120712/tools/bin/../lib/gcc/arm-none-eabi/13.3.1/../../../../arm-none-eabi/lib/thumb/v8-m.main+fp/hard\libc_nano.a(libc_a-printf.o)
                              ./Core/Src/Loader_Src.o (printf)
C:/ST/IDE2/STM32CubeIDE/plugins/com.st.stm32cube.ide.mcu.externaltools.gnu-tools-for-stm32.13.3.rel1.win32_1.0.100.202509120712/tools/bin/../lib/gcc/arm-none-eabi/13.3.1/../../../../arm-none-eabi/lib/thumb/v8-m.main+fp/hard\libc_nano.a(libc_a-puts.o)
                              ./Core/Src/Loader_Src.o (puts)
C:/ST/IDE2/STM32CubeIDE/plugins/com.st.stm32cube.ide.mcu.externaltools.gnu-tools-for-stm32.13.3.rel1.win32_1.0.100.202509120712/tools/bin/../lib/gcc/arm-none-eabi/13.3.1/../../../../arm-none-eabi/lib/thumb/v8-m.main+fp/hard\libc_nano.a(libc_a-setvbuf.o)
                              ./Core/Src/Loader_Src.o (setvbuf)
C:/ST/IDE2/STM32CubeIDE/plugins/com.st.stm32cube.ide.mcu.externaltools.gnu-tools-for-stm32.13.3.rel1.win32_1.0.100.202509120712/tools/bin/../lib/gcc/arm-none-eabi/13.3.1/../../../../arm-none-eabi/lib/thumb/v8-m.main+fp/hard\libc_nano.a(libc_a-stdio.o)
                              C:/ST/IDE2/STM32CubeIDE/plugins/com.st.stm32cube.ide.mcu.externaltools.gnu-tools-for-stm32.13.3.rel1.win32_1.0.100.202509120712/tools/bin/../lib/gcc/arm-none-eabi/13.3.1/../../../../arm-none-eabi/lib/thumb/v8-m.main+fp/hard\libc_nano.a(libc_a-findfp.o) (__sread)
C:/ST/IDE2/STM32CubeIDE/plugins/com.st.stm32cube.ide.mcu.externaltools.gnu-tools-for-stm32.13.3.rel1.win32_1.0.100.202509120712/tools/bin/../lib/gcc/arm-none-eabi/13.3.1/../../../../arm-none-eabi/lib/thumb/v8-m.main+fp/hard\libc_nano.a(libc_a-wbuf.o)
                              C:/ST/IDE2/STM32CubeIDE/plugins/com.st.stm32cube.ide.mcu.externaltools.gnu-tools-for-stm32.13.3.rel1.win32_1.0.100.202509120712/tools/bin/../lib/gcc/arm-none-eabi/13.3.1/../../../../arm-none-eabi/lib/thumb/v8-m.main+fp/hard\libc_nano.a(libc_a-puts.o) (__swbuf_r)
C:/ST/IDE2/STM32CubeIDE/plugins/com.st.stm32cube.ide.mcu.externaltools.gnu-tools-for-stm32.13.3.rel1.win32_1.0.100.202509120712/tools/bin/../lib/gcc/arm-none-eabi/13.3.1/../../../../arm-none-eabi/lib/thumb/v8-m.main+fp/hard\libc_nano.a(libc_a-wsetup.o)
                              C:/ST/IDE2/STM32CubeIDE/plugins/com.st.stm32cube.ide.mcu.externaltools.gnu-tools-for-stm32.13.3.rel1.win32_1.0.100.202509120712/tools/bin/../lib/gcc/arm-none-eabi/13.3.1/../../../../arm-none-eabi/lib/thumb/v8-m.main+fp/hard\libc_nano.a(libc_a-puts.o) (__swsetup_r)
C:/ST/IDE2/STM32CubeIDE/plugins/com.st.stm32cube.ide.mcu.externaltools.gnu-tools-for-stm32.13.3.rel1.win32_1.0.100.202509120712/tools/bin/../lib/gcc/arm-none-eabi/13.3.1/../../../../arm-none-eabi/lib/thumb/v8-m.main+fp/hard\libc_nano.a(libc_a-memset.o)
                              C:/ST/IDE2/STM32CubeIDE/plugins/com.st.stm32cube.ide.mcu.externaltools.gnu-tools-for-stm32.13.3.rel1.win32_1.0.100.202509120712/tools/bin/../lib/gcc/arm-none-eabi/13.3.1/../../../../arm-none-eabi/lib/thumb/v8-m.main+fp/hard/crt0.o (memset)
[...]
Memory Configuration

Name             Origin             Length             Attributes
RAM              0x20000004         0x0000fff0         xrw
*default*        0x00000000         0xffffffff

Linker script and memory map

LOAD C:/ST/IDE2/STM32CubeIDE/plugins/com.st.stm32cube.ide.mcu.externaltools.gnu-tools-for-stm32.13.3.rel1.win32_1.0.100.202509120712/tools/bin/../lib/gcc/arm-none-eabi/13.3.1/thumb/v8-m.main+fp/hard/crti.o
LOAD C:/ST/IDE2/STM32CubeIDE/plugins/com.st.stm32cube.ide.mcu.externaltools.gnu-tools-for-stm32.13.3.rel1.win32_1.0.100.202509120712/tools/bin/../lib/gcc/arm-none-eabi/13.3.1/thumb/v8-m.main+fp/hard/crtbegin.o
LOAD C:/ST/IDE2/STM32CubeIDE/plugins/com.st.stm32cube.ide.mcu.externaltools.gnu-tools-for-stm32.13.3.rel1.win32_1.0.100.202509120712/tools/bin/../lib/gcc/arm-none-eabi/13.3.1/../../../../arm-none-eabi/lib/thumb/v8-m.main+fp/hard/crt0.o
LOAD ./Core/Src/Dev_Inf.o
LOAD ./Core/Src/Loader_Src.o
LOAD ./Core/Src/mx25lm51245g.o
LOAD ./Core/Src/stm32h573i_discovery_ospi.o
LOAD ./Core/Src/stm32h5xx_hal_msp.o
LOAD ./Core/Src/stm32h5xx_it.o
LOAD ./Core/Src/syscalls.o
LOAD ./Core/Src/sysmem.o
LOAD ./Core/Src/system_stm32h5xx.o
LOAD ./Core/Startup/startup_stm32h573iikxq.o
LOAD ./Drivers/STM32H5xx_HAL_Driver/Src/stm32h5xx_hal.o
LOAD ./Drivers/STM32H5xx_HAL_Driver/Src/stm32h5xx_hal_cortex.o
LOAD ./Drivers/STM32H5xx_HAL_Driver/Src/stm32h5xx_hal_dma.o
LOAD ./Drivers/STM32H5xx_HAL_Driver/Src/stm32h5xx_hal_dma_ex.o
LOAD ./Drivers/STM32H5xx_HAL_Driver/Src/stm32h5xx_hal_exti.o
LOAD ./Drivers/STM32H5xx_HAL_Driver/Src/stm32h5xx_hal_flash.o
LOAD ./Drivers/STM32H5xx_HAL_Driver/Src/stm32h5xx_hal_flash_ex.o
LOAD ./Drivers/STM32H5xx_HAL_Driver/Src/stm32h5xx_hal_gpio.o
LOAD ./Drivers/STM32H5xx_HAL_Driver/Src/stm32h5xx_hal_pwr.o
LOAD ./Drivers/STM32H5xx_HAL_Driver/Src/stm32h5xx_hal_pwr_ex.o
LOAD ./Drivers/STM32H5xx_HAL_Driver/Src/stm32h5xx_hal_rcc.o
LOAD ./Drivers/STM32H5xx_HAL_Driver/Src/stm32h5xx_hal_rcc_ex.o
LOAD ./Drivers/STM32H5xx_HAL_Driver/Src/stm32h5xx_hal_tim.o
LOAD ./Drivers/STM32H5xx_HAL_Driver/Src/stm32h5xx_hal_tim_ex.o
LOAD ./Drivers/STM32H5xx_HAL_Driver/Src/stm32h5xx_hal_uart.o
LOAD ./Drivers/STM32H5xx_HAL_Driver/Src/stm32h5xx_hal_uart_ex.o
LOAD ./Drivers/STM32H5xx_HAL_Driver/Src/stm32h5xx_hal_xspi.o
LOAD ./Drivers/STM32H5xx_HAL_Driver/Src/stm32h5xx_ll_dlyb.o
START GROUP
LOAD C:/ST/IDE2/STM32CubeIDE/plugins/com.st.stm32cube.ide.mcu.externaltools.gnu-tools-for-stm32.13.3.rel1.win32_1.0.100.202509120712/tools/bin/../lib/gcc/arm-none-eabi/13.3.1/../../../../arm-none-eabi/lib/thumb/v8-m.main+fp/hard\libc_nano.a
LOAD C:/ST/IDE2/STM32CubeIDE/plugins/com.st.stm32cube.ide.mcu.externaltools.gnu-tools-for-stm32.13.3.rel1.win32_1.0.100.202509120712/tools/bin/../lib/gcc/arm-none-eabi/13.3.1/../../../../arm-none-eabi/lib/thumb/v8-m.main+fp/hard\libm.a
END GROUP
START GROUP
LOAD C:/ST/IDE2/STM32CubeIDE/plugins/com.st.stm32cube.ide.mcu.externaltools.gnu-tools-for-stm32.13.3.rel1.win32_1.0.100.202509120712/tools/bin/../lib/gcc/arm-none-eabi/13.3.1/thumb/v8-m.main+fp/hard\libgcc.a
LOAD C:/ST/IDE2/STM32CubeIDE/plugins/com.st.stm32cube.ide.mcu.externaltools.gnu-tools-for-stm32.13.3.rel1.win32_1.0.100.202509120712/tools/bin/../lib/gcc/arm-none-eabi/13.3.1/../../../../arm-none-eabi/lib/thumb/v8-m.main+fp/hard\libc_nano.a
END GROUP
START GROUP
LOAD C:/ST/IDE2/STM32CubeIDE/plugins/com.st.stm32cube.ide.mcu.externaltools.gnu-tools-for-stm32.13.3.rel1.win32_1.0.100.202509120712/tools/bin/../lib/gcc/arm-none-eabi/13.3.1/thumb/v8-m.main+fp/hard\libgcc.a
LOAD C:/ST/IDE2/STM32CubeIDE/plugins/com.st.stm32cube.ide.mcu.externaltools.gnu-tools-for-stm32.13.3.rel1.win32_1.0.100.202509120712/tools/bin/../lib/gcc/arm-none-eabi/13.3.1/../../../../arm-none-eabi/lib/thumb/v8-m.main+fp/hard\libc_nano.a
LOAD C:/ST/IDE2/STM32CubeIDE/plugins/com.st.stm32cube.ide.mcu.externaltools.gnu-tools-for-stm32.13.3.rel1.win32_1.0.100.202509120712/tools/bin/../lib/gcc/arm-none-eabi/13.3.1/../../../../arm-none-eabi/lib/thumb/v8-m.main+fp/hard\libnosys.a
END GROUP
START GROUP
LOAD C:/ST/IDE2/STM32CubeIDE/plugins/com.st.stm32cube.ide.mcu.externaltools.gnu-tools-for-stm32.13.3.rel1.win32_1.0.100.202509120712/tools/bin/../lib/gcc/arm-none-eabi/13.3.1/thumb/v8-m.main+fp/hard\libgcc.a
LOAD C:/ST/IDE2/STM32CubeIDE/plugins/com.st.stm32cube.ide.mcu.externaltools.gnu-tools-for-stm32.13.3.rel1.win32_1.0.100.202509120712/tools/bin/../lib/gcc/arm-none-eabi/13.3.1/../../../../arm-none-eabi/lib/thumb/v8-m.main+fp/hard\libc_nano.a
LOAD C:/ST/IDE2/STM32CubeIDE/plugins/com.st.stm32cube.ide.mcu.externaltools.gnu-tools-for-stm32.13.3.rel1.win32_1.0.100.202509120712/tools/bin/../lib/gcc/arm-none-eabi/13.3.1/../../../../arm-none-eabi/lib/thumb/v8-m.main+fp/hard\libnosys.a
END GROUP
LOAD C:/ST/IDE2/STM32CubeIDE/plugins/com.st.stm32cube.ide.mcu.externaltools.gnu-tools-for-stm32.13.3.rel1.win32_1.0.100.202509120712/tools/bin/../lib/gcc/arm-none-eabi/13.3.1/thumb/v8-m.main+fp/hard/crtend.o
LOAD C:/ST/IDE2/STM32CubeIDE/plugins/com.st.stm32cube.ide.mcu.externaltools.gnu-tools-for-stm32.13.3.rel1.win32_1.0.100.202509120712/tools/bin/../lib/gcc/arm-none-eabi/13.3.1/thumb/v8-m.main+fp/hard/crtn.o
                0x2000fff4                        _estack = (ORIGIN (RAM) + LENGTH (RAM))
                0x00000200                        _Min_Heap_Size = 0x200
                0x00000400                        _Min_Stack_Size = 0x400

.isr_vector     0x20000004      0x488
                0x20000240                        . = (. + 0x23c)
 *fill*         0x20000004      0x23c 
                0x20000240                        . = ALIGN (0x4)
 *(.isr_vector)
 .isr_vector    0x20000240      0x24c ./Core/Startup/startup_stm32h573iikxq.o
                0x20000240                g_pfnVectors
                0x2000048c                        . = ALIGN (0x4)

.ARM.extab
 *(.ARM.extab* .gnu.linkonce.armextab.*)

.ARM            0x2000048c        0x8
                0x2000048c                        __exidx_start = .
 *(.ARM.exidx*)
 .ARM.exidx     0x2000048c        0x8 C:/ST/IDE2/STM32CubeIDE/plugins/com.st.stm32cube.ide.mcu.externaltools.gnu-tools-for-stm32.13.3.rel1.win32_1.0.100.202509120712/tools/bin/../lib/gcc/arm-none-eabi/13.3.1/thumb/v8-m.main+fp/hard\libgcc.a(_udivmoddi4.o)
                0x20000494                        __exidx_end = .

.preinit_array  0x20000494        0x0
                0x20000494                        PROVIDE (__preinit_array_start = .)
 *(.preinit_array*)
                0x20000494                        PROVIDE (__preinit_array_end = .)

.init_array     0x20000494        0x4
                0x20000494                        PROVIDE (__init_array_start = .)
 *(SORT_BY_NAME(.init_array.*))
 *(.init_array*)
 .init_array    0x20000494        0x4 C:/ST/IDE2/STM32CubeIDE/plugins/com.st.stm32cube.ide.mcu.externaltools.gnu-tools-for-stm32.13.3.rel1.win32_1.0.100.202509120712/tools/bin/../lib/gcc/arm-none-eabi/13.3.1/thumb/v8-m.main+fp/hard/crtbegin.o
                0x20000498                        PROVIDE (__init_array_end = .)

.fini_array     0x20000498        0x4
                [!provide]                        PROVIDE (__fini_array_start = .)
 *(SORT_BY_NAME(.fini_array.*))
 *(.fini_array*)
 .fini_array    0x20000498        0x4 C:/ST/IDE2/STM32CubeIDE/plugins/com.st.stm32cube.ide.mcu.externaltools.gnu-tools-for-stm32.13.3.rel1.win32_1.0.100.202509120712/tools/bin/../lib/gcc/arm-none-eabi/13.3.1/thumb/v8-m.main+fp/hard/crtbegin.o
                [!provide]                        PROVIDE (__fini_array_end = .)
                0x2000049c                        _sidata = LOADADDR (.data)

.data           0x2000049c       0x68
                0x2000049c                        . = ALIGN (0x4)
                0x2000049c                        _sdata = .
 *(.data)
 *(.data*)
 .data.SystemCoreClock
                0x2000049c        0x4 ./Core/Src/system_stm32h5xx.o
                0x2000049c                SystemCoreClock
 .data.uwTickPrio
                0x200004a0        0x4 ./Drivers/STM32H5xx_HAL_Driver/Src/stm32h5xx_hal.o
                0x200004a0                uwTickPrio
 .data.uwTickFreq
                0x200004a4        0x1 ./Drivers/STM32H5xx_HAL_Driver/Src/stm32h5xx_hal.o
                0x200004a4                uwTickFreq
 *fill*         0x200004a5        0x3 
 .data.__sglue  0x200004a8        0xc C:/ST/IDE2/STM32CubeIDE/plugins/com.st.stm32cube.ide.mcu.externaltools.gnu-tools-for-stm32.13.3.rel1.win32_1.0.100.202509120712/tools/bin/../lib/gcc/arm-none-eabi/13.3.1/../../../../arm-none-eabi/lib/thumb/v8-m.main+fp/hard\libc_nano.a(libc_a-findfp.o)
                0x200004a8                __sglue
 .data._impure_ptr
                0x200004b4        0x4 C:/ST/IDE2/STM32CubeIDE/plugins/com.st.stm32cube.ide.mcu.externaltools.gnu-tools-for-stm32.13.3.rel1.win32_1.0.100.202509120712/tools/bin/../lib/gcc/arm-none-eabi/13.3.1/../../../../arm-none-eabi/lib/thumb/v8-m.main+fp/hard\libc_nano.a(libc_a-impure.o)
                0x200004b4                _impure_ptr
 .data._impure_data
                0x200004b8       0x4c C:/ST/IDE2/STM32CubeIDE/plugins/com.st.stm32cube.ide.mcu.externaltools.gnu-tools-for-stm32.13.3.rel1.win32_1.0.100.202509120712/tools/bin/../lib/gcc/arm-none-eabi/13.3.1/../../../../arm-none-eabi/lib/thumb/v8-m.main+fp/hard\libc_nano.a(libc_a-impure.o)
                0x200004b8                _impure_data
                0x20000504                        . = ALIGN (0x4)
                0x20000504                        _edata = .

.igot.plt       0x20000504        0x0
 .igot.plt      0x20000504        0x0 C:/ST/IDE2/STM32CubeIDE/plugins/com.st.stm32cube.ide.mcu.externaltools.gnu-tools-for-stm32.13.3.rel1.win32_1.0.100.202509120712/tools/bin/../lib/gcc/arm-none-eabi/13.3.1/thumb/v8-m.main+fp/hard/crtbegin.o
                0x20000504                        . = ALIGN (0x4)

.bss            0x20000504      0x27c
                0x20000504                        _sbss = .
                0x20000504                        __bss_start__ = _sbss
 *(.bss)
 .bss           0x20000504       0x1c C:/ST/IDE2/STM32CubeIDE/plugins/com.st.stm32cube.ide.mcu.externaltools.gnu-tools-for-stm32.13.3.rel1.win32_1.0.100.202509120712/tools/bin/../lib/gcc/arm-none-eabi/13.3.1/thumb/v8-m.main+fp/hard/crtbegin.o
 *(.bss*)
 .bss.UartHandle
                0x20000520       0x94 ./Core/Src/Loader_Src.o
 .bss.exec      0x200005b4        0x1 ./Core/Src/Loader_Src.o
                0x200005b4                exec
 *fill*         0x200005b5        0x3 
 .bss.Buff_address
                0x200005b8        0x4 ./Core/Src/Loader_Src.o
                0x200005b8                Buff_address
 .bss.Address   0x200005bc        0x4 ./Core/Src/Loader_Src.o
                0x200005bc                Address
 .bss.Size      0x200005c0        0x4 ./Core/Src/Loader_Src.o
                0x200005c0                Size
 .bss.Flash     0x200005c4        0x2 ./Core/Src/Loader_Src.o
                0x200005c4                Flash
 .bss.MemoryMappedMode
                0x200005c6        0x1 ./Core/Src/Loader_Src.o
                0x200005c6                MemoryMappedMode
 *fill*         0x200005c7        0x1 
 .bss.hospi_nor
                0x200005c8       0x5c ./Core/Src/stm32h573i_discovery_ospi.o
                0x200005c8                hospi_nor
 .bss.Ospi_Nor_Ctx
                0x20000624        0x3 ./Core/Src/stm32h573i_discovery_ospi.o
                0x20000624                Ospi_Nor_Ctx
 *fill*         0x20000627        0x1 
 .bss.reg.0     0x20000628        0x2 ./Core/Src/stm32h573i_discovery_ospi.o
 *fill*         0x2000062a        0x2 
 .bss.__sbrk_heap_end
                0x2000062c        0x4 ./Core/Src/sysmem.o
 .bss.uwTick    0x20000630        0x4 ./Drivers/STM32H5xx_HAL_Driver/Src/stm32h5xx_hal.o
                0x20000630                uwTick
 .bss.__sf      0x20000634      0x138 C:/ST/IDE2/STM32CubeIDE/plugins/com.st.stm32cube.ide.mcu.externaltools.gnu-tools-for-stm32.13.3.rel1.win32_1.0.100.202509120712/tools/bin/../lib/gcc/arm-none-eabi/13.3.1/../../../../arm-none-eabi/lib/thumb/v8-m.main+fp/hard\libc_nano.a(libc_a-findfp.o)
                0x20000634                __sf
 .bss.__stdio_exit_handler
                0x2000076c        0x4 C:/ST/IDE2/STM32CubeIDE/plugins/com.st.stm32cube.ide.mcu.externaltools.gnu-tools-for-stm32.13.3.rel1.win32_1.0.100.202509120712/tools/bin/../lib/gcc/arm-none-eabi/13.3.1/../../../../arm-none-eabi/lib/thumb/v8-m.main+fp/hard\libc_nano.a(libc_a-findfp.o)
                0x2000076c                __stdio_exit_handler
 .bss.errno     0x20000770        0x4 C:/ST/IDE2/STM32CubeIDE/plugins/com.st.stm32cube.ide.mcu.externaltools.gnu-tools-for-stm32.13.3.rel1.win32_1.0.100.202509120712/tools/bin/../lib/gcc/arm-none-eabi/13.3.1/../../../../arm-none-eabi/lib/thumb/v8-m.main+fp/hard\libc_nano.a(libc_a-reent.o)
                0x20000770                errno
 .bss.__lock___malloc_recursive_mutex
                0x20000774        0x1 C:/ST/IDE2/STM32CubeIDE/plugins/com.st.stm32cube.ide.mcu.externaltools.gnu-tools-for-stm32.13.3.rel1.win32_1.0.100.202509120712/tools/bin/../lib/gcc/arm-none-eabi/13.3.1/../../../../arm-none-eabi/lib/thumb/v8-m.main+fp/hard\libc_nano.a(libc_a-lock.o)
                0x20000774                __lock___malloc_recursive_mutex
 .bss.__lock___sfp_recursive_mutex
                0x20000775        0x1 C:/ST/IDE2/STM32CubeIDE/plugins/com.st.stm32cube.ide.mcu.externaltools.gnu-tools-for-stm32.13.3.rel1.win32_1.0.100.202509120712/tools/bin/../lib/gcc/arm-none-eabi/13.3.1/../../../../arm-none-eabi/lib/thumb/v8-m.main+fp/hard\libc_nano.a(libc_a-lock.o)
                0x20000775                __lock___sfp_recursive_mutex
 *fill*         0x20000776        0x2 
 .bss.__malloc_sbrk_start
                0x20000778        0x4 C:/ST/IDE2/STM32CubeIDE/plugins/com.st.stm32cube.ide.mcu.externaltools.gnu-tools-for-stm32.13.3.rel1.win32_1.0.100.202509120712/tools/bin/../lib/gcc/arm-none-eabi/13.3.1/../../../../arm-none-eabi/lib/thumb/v8-m.main+fp/hard\libc_nano.a(libc_a-mallocr.o)
                0x20000778                __malloc_sbrk_start
 .bss.__malloc_free_list
                0x2000077c        0x4 C:/ST/IDE2/STM32CubeIDE/plugins/com.st.stm32cube.ide.mcu.externaltools.gnu-tools-for-stm32.13.3.rel1.win32_1.0.100.202509120712/tools/bin/../lib/gcc/arm-none-eabi/13.3.1/../../../../arm-none-eabi/lib/thumb/v8-m.main+fp/hard\libc_nano.a(libc_a-mallocr.o)
                0x2000077c                __malloc_free_list
 *(COMMON)
                0x20000780                        . = ALIGN (0x4)
                0x20000780                        _ebss = .
                0x20000780                        __bss_end__ = _ebss

.text           0x20000780     0xa5e0
                0x20000780                        . = ALIGN (0x4)
 *(.text)
 .text          0x20000780       0x40 C:/ST/IDE2/STM32CubeIDE/plugins/com.st.stm32cube.ide.mcu.externaltools.gnu-tools-for-stm32.13.3.rel1.win32_1.0.100.202509120712/tools/bin/../lib/gcc/arm-none-eabi/13.3.1/thumb/v8-m.main+fp/hard/crtbegin.o
 .text          0x200007c0       0x30 C:/ST/IDE2/STM32CubeIDE/plugins/com.st.stm32cube.ide.mcu.externaltools.gnu-tools-for-stm32.13.3.rel1.win32_1.0.100.202509120712/tools/bin/../lib/gcc/arm-none-eabi/13.3.1/thumb/v8-m.main+fp/hard\libgcc.a(_aeabi_uldivmod.o)
                0x200007c0                __aeabi_uldivmod
 .text          0x200007f0      0x348 C:/ST/IDE2/STM32CubeIDE/plugins/com.st.stm32cube.ide.mcu.externaltools.gnu-tools-for-stm32.13.3.rel1.win32_1.0.100.202509120712/tools/bin/../lib/gcc/arm-none-eabi/13.3.1/thumb/v8-m.main+fp/hard\libgcc.a(_udivmoddi4.o)
                0x200007f0                __udivmoddi4
 .text          0x20000b38        0x4 C:/ST/IDE2/STM32CubeIDE/plugins/com.st.stm32cube.ide.mcu.externaltools.gnu-tools-for-stm32.13.3.rel1.win32_1.0.100.202509120712/tools/bin/../lib/gcc/arm-none-eabi/13.3.1/thumb/v8-m.main+fp/hard\libgcc.a(_dvmd_tls.o)
                0x20000b38                __aeabi_idiv0
                0x20000b38                __aeabi_ldiv0
 *(.text*)
 .text.HAL_InitTick
                0x20000b3c       0x60 ./Core/Src/Loader_Src.o
                0x20000b3c                HAL_InitTick
 .text.HAL_GetTick
                0x20000b9c       0x34 ./Core/Src/Loader_Src.o
                0x20000b9c                HAL_GetTick
 .text.main     0x20000bd0       0xa0 ./Core/Src/Loader_Src.o
                0x20000bd0                main
 .text.Init     0x20000c70       0xf4 ./Core/Src/Loader_Src.o
                0x20000c70                Init
 .text.MassErase
                0x20000d64       0x94 ./Core/Src/Loader_Src.o
                0x20000d64                MassErase
 .text.Write    0x20000df8       0xbc ./Core/Src/Loader_Src.o
                0x20000df8                Write
 .text.SectorErase
                0x20000eb4      0x104 ./Core/Src/Loader_Src.o
                0x20000eb4                SectorErase
 .text.CheckSum
                0x20000fb8      0x1c6 ./Core/Src/Loader_Src.o
                0x20000fb8                CheckSum
 *fill*         0x2000117e        0x2 
 .text.Verify   0x20001180       0xdc ./Core/Src/Loader_Src.o
                0x20001180                Verify
 .text.SystemClock_Config
                0x2000125c       0xe0 ./Core/Src/Loader_Src.o
 .text.__io_putchar
                0x2000133c       0x24 ./Core/Src/Loader_Src.o
                0x2000133c                __io_putchar
 .text.COM_Init
                0x20001360       0x70 ./Core/Src/Loader_Src.o
                0x20001360                COM_Init
 .text.HAL_UART_MspInit
                0x200013d0       0xa8 ./Core/Src/Loader_Src.o
                0x200013d0                HAL_UART_MspInit
 .text.MX25LM51245G_GetFlashInfo
                0x20001478       0x5e ./Core/Src/mx25lm51245g.o
                0x20001478                MX25LM51245G_GetFlashInfo
 .text.MX25LM51245G_AutoPollingMemReady
                0x200014d6      0x164 ./Core/Src/mx25lm51245g.o
                0x200014d6                MX25LM51245G_AutoPollingMemReady
 .text.MX25LM51245G_PageProgram
                0x2000163a      0x108 ./Core/Src/mx25lm51245g.o
                0x2000163a                MX25LM51245G_PageProgram
 .text.MX25LM51245G_PageProgramDTR
                0x20001742       0xaa ./Core/Src/mx25lm51245g.o
                0x20001742                MX25LM51245G_PageProgramDTR
 .text.MX25LM51245G_BlockErase
                0x200017ec      0x136 ./Core/Src/mx25lm51245g.o
                0x200017ec                MX25LM51245G_BlockErase
 .text.MX25LM51245G_ChipErase
                0x20001922       0xb0 ./Core/Src/mx25lm51245g.o
                0x20001922                MX25LM51245G_ChipErase
 .text.MX25LM51245G_EnableSTRMemoryMappedMode
                0x200019d2      0x154 ./Core/Src/mx25lm51245g.o
                0x200019d2                MX25LM51245G_EnableSTRMemoryMappedMode
 .text.MX25LM51245G_EnableDTRMemoryMappedMode
                0x20001b26       0xde ./Core/Src/mx25lm51245g.o
                0x20001b26                MX25LM51245G_EnableDTRMemoryMappedMode
 .text.MX25LM51245G_WriteEnable
                0x20001c04      0x1a0 ./Core/Src/mx25lm51245g.o
                0x20001c04                MX25LM51245G_WriteEnable
 .text.MX25LM51245G_ReadStatusRegister
                0x20001da4      0x13c ./Core/Src/mx25lm51245g.o
                0x20001da4                MX25LM51245G_ReadStatusRegister
 .text.MX25LM51245G_WriteCfg2Register
                0x20001ee0      0x12a ./Core/Src/mx25lm51245g.o
                0x20001ee0                MX25LM51245G_WriteCfg2Register
 .text.MX25LM51245G_ReadCfg2Register
                0x2000200a      0x13e ./Core/Src/mx25lm51245g.o
                0x2000200a                MX25LM51245G_ReadCfg2Register
 .text.MX25LM51245G_ReadSecurityRegister
                0x20002148      0x13c ./Core/Src/mx25lm51245g.o
                0x20002148                MX25LM51245G_ReadSecurityRegister
 .text.MX25LM51245G_ResetEnable
                0x20002284       0xb0 ./Core/Src/mx25lm51245g.o
                0x20002284                MX25LM51245G_ResetEnable
 .text.MX25LM51245G_ResetMemory
                0x20002334       0xb0 ./Core/Src/mx25lm51245g.o
                0x20002334                MX25LM51245G_ResetMemory
 .text.BSP_OSPI_NOR_Init
                0x200023e4      0x134 ./Core/Src/stm32h573i_discovery_ospi.o
                0x200023e4                BSP_OSPI_NOR_Init
 .text.BSP_OSPI_NOR_DeInit
                0x20002518       0xc8 ./Core/Src/stm32h573i_discovery_ospi.o
                0x20002518                BSP_OSPI_NOR_DeInit
 .text.MX_OSPI_NOR_Init
                0x200025e0       0x8c ./Core/Src/stm32h573i_discovery_ospi.o
                0x200025e0                MX_OSPI_NOR_Init
 .text.BSP_OSPI_NOR_Write
                0x2000266c      0x1cc ./Core/Src/stm32h573i_discovery_ospi.o
                0x2000266c                BSP_OSPI_NOR_Write
 .text.BSP_OSPI_NOR_Erase_Block
                0x20002838       0xfc ./Core/Src/stm32h573i_discovery_ospi.o
                0x20002838                BSP_OSPI_NOR_Erase_Block
 .text.BSP_OSPI_NOR_Erase_Chip
                0x20002934       0xec ./Core/Src/stm32h573i_discovery_ospi.o
                0x20002934                BSP_OSPI_NOR_Erase_Chip
 .text.BSP_OSPI_NOR_GetStatus
                0x20002a20       0xec ./Core/Src/stm32h573i_discovery_ospi.o
                0x20002a20                BSP_OSPI_NOR_GetStatus
 .text.BSP_OSPI_NOR_EnableMemoryMappedMode
                0x20002b0c       0xc4 ./Core/Src/stm32h573i_discovery_ospi.o
                0x20002b0c                BSP_OSPI_NOR_EnableMemoryMappedMode
 .text.BSP_OSPI_NOR_DisableMemoryMappedMode
                0x20002bd0       0x78 ./Core/Src/stm32h573i_discovery_ospi.o
                0x20002bd0                BSP_OSPI_NOR_DisableMemoryMappedMode
 .text.BSP_OSPI_NOR_ConfigFlash
                0x20002c48      0x118 ./Core/Src/stm32h573i_discovery_ospi.o
                0x20002c48                BSP_OSPI_NOR_ConfigFlash
 .text.OSPI_NOR_MspInit
                0x20002d60      0x304 ./Core/Src/stm32h573i_discovery_ospi.o
 .text.OSPI_NOR_MspDeInit
                0x20003064       0xb4 ./Core/Src/stm32h573i_discovery_ospi.o
 .text.OSPI_NOR_ResetMemory
                0x20003118      0x168 ./Core/Src/stm32h573i_discovery_ospi.o
 .text.OSPI_NOR_EnterDOPIMode
                0x20003280      0x1cc ./Core/Src/stm32h573i_discovery_ospi.o
 .text.OSPI_NOR_EnterSOPIMode
                0x2000344c      0x184 ./Core/Src/stm32h573i_discovery_ospi.o
 .text.OSPI_NOR_ExitOPIMode
                0x200035d0      0x160 ./Core/Src/stm32h573i_discovery_ospi.o
 .text.OSPI1_DLYB_Enable
                0x20003730       0x4c ./Core/Src/stm32h573i_discovery_ospi.o
 .text.HAL_MspInit
                0x2000377c        0xe ./Core/Src/stm32h5xx_hal_msp.o
                0x2000377c                HAL_MspInit
 .text.NMI_Handler
                0x2000378a        0x8 ./Core/Src/stm32h5xx_it.o
                0x2000378a                NMI_Handler
 .text.HardFault_Handler
                0x20003792        0x8 ./Core/Src/stm32h5xx_it.o
                0x20003792                HardFault_Handler
 .text.MemManage_Handler
                0x2000379a        0x8 ./Core/Src/stm32h5xx_it.o
                0x2000379a                MemManage_Handler
 .text.BusFault_Handler
                0x200037a2        0x8 ./Core/Src/stm32h5xx_it.o
                0x200037a2                BusFault_Handler
 .text.UsageFault_Handler
                0x200037aa        0x8 ./Core/Src/stm32h5xx_it.o
                0x200037aa                UsageFault_Handler
 .text.SVC_Handler
                0x200037b2        0xe ./Core/Src/stm32h5xx_it.o
                0x200037b2                SVC_Handler
 .text.DebugMon_Handler
                0x200037c0        0xe ./Core/Src/stm32h5xx_it.o
                0x200037c0                DebugMon_Handler
 .text.PendSV_Handler
                0x200037ce        0xe ./Core/Src/stm32h5xx_it.o
                0x200037ce                PendSV_Handler
 .text.SysTick_Handler
                0x200037dc        0xc ./Core/Src/stm32h5xx_it.o
                0x200037dc                SysTick_Handler
 .text._read    0x200037e8       0x3a ./Core/Src/syscalls.o
                0x200037e8                _read
 .text._write   0x20003822       0x38 ./Core/Src/syscalls.o
                0x20003822                _write
 .text._close   0x2000385a       0x18 ./Core/Src/syscalls.o
                0x2000385a                _close
 .text._fstat   0x20003872       0x20 ./Core/Src/syscalls.o
                0x20003872                _fstat
 .text._isatty  0x20003892       0x16 ./Core/Src/syscalls.o
                0x20003892                _isatty
 .text._lseek   0x200038a8       0x1a ./Core/Src/syscalls.o
                0x200038a8                _lseek
 *fill*         0x200038c2        0x2 
 .text._sbrk    0x200038c4       0x6c ./Core/Src/sysmem.o
                0x200038c4                _sbrk
 .text.SystemInit
                0x20003930       0xf8 ./Core/Src/system_stm32h5xx.o
                0x20003930                SystemInit
 .text.Reset_Handler
                0x20003a28       0x50 ./Core/Startup/startup_stm32h573iikxq.o
                0x20003a28                Reset_Handler
 .text.Default_Handler
                0x20003a78        0x2 ./Core/Startup/startup_stm32h573iikxq.o
                0x20003a78                EXTI2_IRQHandler
                0x20003a78                TIM8_TRG_COM_IRQHandler
                0x20003a78                TIM8_CC_IRQHandler
                0x20003a78                EXTI5_IRQHandler
                0x20003a78                I3C1_ER_IRQHandler
                0x20003a78                UART8_IRQHandler
                0x20003a78                SPI4_IRQHandler
                0x20003a78                GPDMA2_Channel1_IRQHandler
                0x20003a78                FLASH_S_IRQHandler
                0x20003a78                EXTI13_IRQHandler
                0x20003a78                TIM1_CC_IRQHandler
                0x20003a78                GPDMA2_Channel3_IRQHandler
                0x20003a78                TAMP_IRQHandler
                0x20003a78                TIM6_IRQHandler
                0x20003a78                EXTI12_IRQHandler
                0x20003a78                CORDIC_IRQHandler
                0x20003a78                USB_DRD_FS_IRQHandler
                0x20003a78                EXTI3_IRQHandler
                0x20003a78                LPTIM4_IRQHandler
                0x20003a78                GPDMA1_Channel5_IRQHandler
                0x20003a78                EXTI8_IRQHandler
                0x20003a78                GPDMA2_Channel5_IRQHandler
                0x20003a78                LPTIM2_IRQHandler
                0x20003a78                I2C3_ER_IRQHandler
                0x20003a78                GPDMA2_Channel2_IRQHandler
                0x20003a78                USART10_IRQHandler
                0x20003a78                LPTIM3_IRQHandler
                0x20003a78                EXTI0_IRQHandler
                0x20003a78                I2C2_EV_IRQHandler
                0x20003a78                FPU_IRQHandler
                0x20003a78                GPDMA1_Channel3_IRQHandler
                0x20003a78                GPDMA1_Channel7_IRQHandler
                0x20003a78                FDCAN1_IT1_IRQHandler
                0x20003a78                RAMCFG_IRQHandler
                0x20003a78                DCACHE1_IRQHandler
                0x20003a78                SPI1_IRQHandler
                0x20003a78                OCTOSPI1_IRQHandler
                0x20003a78                GPDMA1_Channel2_IRQHandler
                0x20003a78                TIM8_UP_IRQHandler
                0x20003a78                RCC_S_IRQHandler
                0x20003a78                SAI2_IRQHandler
                0x20003a78                ADC1_IRQHandler
                0x20003a78                PKA_IRQHandler
                0x20003a78                USART6_IRQHandler
                0x20003a78                EXTI15_IRQHandler
                0x20003a78                TIM17_IRQHandler
                0x20003a78                USART3_IRQHandler
                0x20003a78                RTC_IRQHandler
                0x20003a78                EXTI9_IRQHandler
                0x20003a78                LPTIM5_IRQHandler
                0x20003a78                UART5_IRQHandler
                0x20003a78                TIM4_IRQHandler
                0x20003a78                I2C1_EV_IRQHandler
                0x20003a78                GPDMA1_Channel1_IRQHandler
                0x20003a78                TIM16_IRQHandler
                0x20003a78                UART4_IRQHandler
                0x20003a78                SecureFault_Handler
                0x20003a78                TIM3_IRQHandler
                0x20003a78                RCC_IRQHandler
                0x20003a78                UART9_IRQHandler
                0x20003a78                TIM1_TRG_COM_IRQHandler
                0x20003a78                Default_Handler
                0x20003a78                FMAC_IRQHandler
                0x20003a78                CEC_IRQHandler
                0x20003a78                USART11_IRQHandler
                0x20003a78                TIM14_IRQHandler
                0x20003a78                TIM13_IRQHandler
                0x20003a78                OTFDEC1_IRQHandler
                0x20003a78                GPDMA2_Channel4_IRQHandler
                0x20003a78                SPI5_IRQHandler
                0x20003a78                TIM12_IRQHandler
                0x20003a78                TIM7_IRQHandler
                0x20003a78                SDMMC1_IRQHandler
                0x20003a78                SAES_IRQHandler
                0x20003a78                TIM5_IRQHandler
                0x20003a78                UCPD1_IRQHandler
                0x20003a78                GPDMA1_Channel0_IRQHandler
                0x20003a78                I3C1_EV_IRQHandler
                0x20003a78                TIM15_IRQHandler
                0x20003a78                PVD_AVD_IRQHandler
                0x20003a78                I2C3_EV_IRQHandler
                0x20003a78                ETH_WKUP_IRQHandler
                0x20003a78                ADC2_IRQHandler
                0x20003a78                SPI2_IRQHandler
                0x20003a78                EXTI14_IRQHandler
                0x20003a78                EXTI11_IRQHandler
                0x20003a78                CRS_IRQHandler
                0x20003a78                EXTI4_IRQHandler
                0x20003a78                GPDMA2_Channel0_IRQHandler
                0x20003a78                RTC_S_IRQHandler
                0x20003a78                RNG_IRQHandler
                0x20003a78                FDCAN2_IT1_IRQHandler
                0x20003a78                ETH_IRQHandler
                0x20003a78                GPDMA2_Channel6_IRQHandler
                0x20003a78                TIM1_UP_IRQHandler
                0x20003a78                UART12_IRQHandler
                0x20003a78                WWDG_IRQHandler
                0x20003a78                SPI6_IRQHandler
                0x20003a78                I2C4_EV_IRQHandler
                0x20003a78                FDCAN2_IT0_IRQHandler
                0x20003a78                IWDG_IRQHandler
                0x20003a78                LPUART1_IRQHandler
                0x20003a78                FDCAN1_IT0_IRQHandler
                0x20003a78                TIM2_IRQHandler
                0x20003a78                GPDMA1_Channel4_IRQHandler
                0x20003a78                EXTI7_IRQHandler
                0x20003a78                TIM1_BRK_IRQHandler
                0x20003a78                EXTI1_IRQHandler
                0x20003a78                SDMMC2_IRQHandler
                0x20003a78                AES_IRQHandler
                0x20003a78                LPTIM6_IRQHandler
                0x20003a78                DAC1_IRQHandler
                0x20003a78                DTS_IRQHandler
                0x20003a78                UART7_IRQHandler
                0x20003a78                GTZC_IRQHandler
                0x20003a78                USART2_IRQHandler
                0x20003a78                GPDMA1_Channel6_IRQHandler
                0x20003a78                GPDMA2_Channel7_IRQHandler
                0x20003a78                I2C2_ER_IRQHandler
                0x20003a78                TIM8_BRK_IRQHandler
                0x20003a78                FLASH_IRQHandler
                0x20003a78                USART1_IRQHandler
                0x20003a78                EXTI10_IRQHandler
                0x20003a78                SPI3_IRQHandler
                0x20003a78                I2C1_ER_IRQHandler
                0x20003a78                FMC_IRQHandler
                0x20003a78                EXTI6_IRQHandler
                0x20003a78                LPTIM1_IRQHandler
                0x20003a78                DCMI_PSSI_IRQHandler
                0x20003a78                I2C4_ER_IRQHandler
                0x20003a78                ICACHE_IRQHandler
                0x20003a78                SAI1_IRQHandler
                0x20003a78                HASH_IRQHandler
 *fill*         0x20003a7a        0x2 
 .text.HAL_Init
                0x20003a7c       0x50 ./Drivers/STM32H5xx_HAL_Driver/Src/stm32h5xx_hal.o
                0x20003a7c                HAL_Init
 .text.HAL_InitTick
                0x20003acc       0xec ./Drivers/STM32H5xx_HAL_Driver/Src/stm32h5xx_hal.o
 .text.HAL_IncTick
                0x20003bb8       0x28 ./Drivers/STM32H5xx_HAL_Driver/Src/stm32h5xx_hal.o
                0x20003bb8                HAL_IncTick
 .text.__NVIC_SetPriorityGrouping
                0x20003be0       0x48 ./Drivers/STM32H5xx_HAL_Driver/Src/stm32h5xx_hal_cortex.o
 .text.__NVIC_GetPriorityGrouping
                0x20003c28       0x1c ./Drivers/STM32H5xx_HAL_Driver/Src/stm32h5xx_hal_cortex.o
 .text.__NVIC_SetPriority
                0x20003c44       0x54 ./Drivers/STM32H5xx_HAL_Driver/Src/stm32h5xx_hal_cortex.o
 .text.NVIC_EncodePriority
                0x20003c98       0x66 ./Drivers/STM32H5xx_HAL_Driver/Src/stm32h5xx_hal_cortex.o
 .text.HAL_NVIC_SetPriorityGrouping
                0x20003cfe       0x16 ./Drivers/STM32H5xx_HAL_Driver/Src/stm32h5xx_hal_cortex.o
                0x20003cfe                HAL_NVIC_SetPriorityGrouping
 .text.HAL_NVIC_SetPriority
                0x20003d14       0x34 ./Drivers/STM32H5xx_HAL_Driver/Src/stm32h5xx_hal_cortex.o
                0x20003d14                HAL_NVIC_SetPriority
 .text.HAL_SYSTICK_Config
                0x20003d48       0x44 ./Drivers/STM32H5xx_HAL_Driver/Src/stm32h5xx_hal_cortex.o
                0x20003d48                HAL_SYSTICK_Config
 .text.HAL_SYSTICK_CLKSourceConfig
                0x20003d8c       0xb0 ./Drivers/STM32H5xx_HAL_Driver/Src/stm32h5xx_hal_cortex.o
                0x20003d8c                HAL_SYSTICK_CLKSourceConfig
 .text.HAL_SYSTICK_GetCLKSourceConfig
                0x20003e3c       0x6c ./Drivers/STM32H5xx_HAL_Driver/Src/stm32h5xx_hal_cortex.o
                0x20003e3c                HAL_SYSTICK_GetCLKSourceConfig
 .text.HAL_DMA_Abort
                0x20003ea8       0xf8 ./Drivers/STM32H5xx_HAL_Driver/Src/stm32h5xx_hal_dma.o
                0x20003ea8                HAL_DMA_Abort
 .text.HAL_GPIO_Init
                0x20003fa0      0x2a4 ./Drivers/STM32H5xx_HAL_Driver/Src/stm32h5xx_hal_gpio.o
                0x20003fa0                HAL_GPIO_Init
 .text.HAL_GPIO_DeInit
                0x20004244      0x178 ./Drivers/STM32H5xx_HAL_Driver/Src/stm32h5xx_hal_gpio.o
                0x20004244                HAL_GPIO_DeInit
 .text.HAL_GPIO_EnableHighSPeedLowVoltage
                0x200043bc       0x24 ./Drivers/STM32H5xx_HAL_Driver/Src/stm32h5xx_hal_gpio.o
                0x200043bc                HAL_GPIO_EnableHighSPeedLowVoltage
 .text.HAL_RCC_DeInit
                0x200043e0      0x238 ./Drivers/STM32H5xx_HAL_Driver/Src/stm32h5xx_hal_rcc.o
                0x200043e0                HAL_RCC_DeInit
 .text.HAL_RCC_OscConfig
                0x20004618      0x870 ./Drivers/STM32H5xx_HAL_Driver/Src/stm32h5xx_hal_rcc.o
                0x20004618                HAL_RCC_OscConfig
 .text.HAL_RCC_ClockConfig
                0x20004e88      0x370 ./Drivers/STM32H5xx_HAL_Driver/Src/stm32h5xx_hal_rcc.o
                0x20004e88                HAL_RCC_ClockConfig
 .text.HAL_RCC_GetSysClockFreq
                0x200051f8      0x258 ./Drivers/STM32H5xx_HAL_Driver/Src/stm32h5xx_hal_rcc.o
                0x200051f8                HAL_RCC_GetSysClockFreq
 .text.HAL_RCC_GetHCLKFreq
                0x20005450       0x38 ./Drivers/STM32H5xx_HAL_Driver/Src/stm32h5xx_hal_rcc.o
                0x20005450                HAL_RCC_GetHCLKFreq
 .text.HAL_RCC_GetPCLK1Freq
                0x20005488       0x2c ./Drivers/STM32H5xx_HAL_Driver/Src/stm32h5xx_hal_rcc.o
                0x20005488                HAL_RCC_GetPCLK1Freq
 .text.HAL_RCC_GetPCLK2Freq
                0x200054b4       0x2c ./Drivers/STM32H5xx_HAL_Driver/Src/stm32h5xx_hal_rcc.o
                0x200054b4                HAL_RCC_GetPCLK2Freq
 .text.HAL_RCC_GetPCLK3Freq
                0x200054e0       0x2c ./Drivers/STM32H5xx_HAL_Driver/Src/stm32h5xx_hal_rcc.o
                0x200054e0                HAL_RCC_GetPCLK3Freq
 .text.HAL_RCCEx_GetPLL1ClockFreq
                0x2000550c      0x2d4 ./Drivers/STM32H5xx_HAL_Driver/Src/stm32h5xx_hal_rcc_ex.o
                0x2000550c                HAL_RCCEx_GetPLL1ClockFreq
 .text.HAL_RCCEx_GetPLL2ClockFreq
                0x200057e0      0x2d4 ./Drivers/STM32H5xx_HAL_Driver/Src/stm32h5xx_hal_rcc_ex.o
                0x200057e0                HAL_RCCEx_GetPLL2ClockFreq
 .text.HAL_RCCEx_GetPLL3ClockFreq
                0x20005ab4      0x2d4 ./Drivers/STM32H5xx_HAL_Driver/Src/stm32h5xx_hal_rcc_ex.o
                0x20005ab4                HAL_RCCEx_GetPLL3ClockFreq
 .text.HAL_RCCEx_GetPeriphCLKFreq
                0x20005d88     0x26b4 ./Drivers/STM32H5xx_HAL_Driver/Src/stm32h5xx_hal_rcc_ex.o
                0x20005d88                HAL_RCCEx_GetPeriphCLKFreq
 .text.HAL_UART_Init
                0x2000843c       0xa0 ./Drivers/STM32H5xx_HAL_Driver/Src/stm32h5xx_hal_uart.o
                0x2000843c                HAL_UART_Init
 .text.HAL_UART_Transmit
                0x200084dc      0x13c ./Drivers/STM32H5xx_HAL_Driver/Src/stm32h5xx_hal_uart.o
                0x200084dc                HAL_UART_Transmit
 .text.UART_SetConfig
                0x20008618      0x3dc ./Drivers/STM32H5xx_HAL_Driver/Src/stm32h5xx_hal_uart.o
                0x20008618                UART_SetConfig
 .text.UART_AdvFeatureConfig
                0x200089f4      0x144 ./Drivers/STM32H5xx_HAL_Driver/Src/stm32h5xx_hal_uart.o
                0x200089f4                UART_AdvFeatureConfig
 .text.UART_CheckIdleState
                0x20008b38      0x154 ./Drivers/STM32H5xx_HAL_Driver/Src/stm32h5xx_hal_uart.o
                0x20008b38                UART_CheckIdleState
 .text.UART_WaitOnFlagUntilTimeout
                0x20008c8c       0xda ./Drivers/STM32H5xx_HAL_Driver/Src/stm32h5xx_hal_uart.o
                0x20008c8c                UART_WaitOnFlagUntilTimeout
 .text.UART_EndRxTransfer
                0x20008d66       0xcc ./Drivers/STM32H5xx_HAL_Driver/Src/stm32h5xx_hal_uart.o
 .text.LL_DLYB_Enable
                0x20008e32       0x20 ./Drivers/STM32H5xx_HAL_Driver/Src/stm32h5xx_hal_xspi.o
 .text.LL_DLYB_Disable
                0x20008e52       0x20 ./Drivers/STM32H5xx_HAL_Driver/Src/stm32h5xx_hal_xspi.o
 *fill*         0x20008e72        0x2 
 .text.HAL_XSPI_Init
                0x20008e74      0x1b0 ./Drivers/STM32H5xx_HAL_Driver/Src/stm32h5xx_hal_xspi.o
                0x20008e74                HAL_XSPI_Init
 .text.HAL_XSPI_MspInit
                0x20009024       0x14 ./Drivers/STM32H5xx_HAL_Driver/Src/stm32h5xx_hal_xspi.o
                0x20009024                HAL_XSPI_MspInit
 .text.HAL_XSPI_DeInit
                0x20009038       0x4e ./Drivers/STM32H5xx_HAL_Driver/Src/stm32h5xx_hal_xspi.o
                0x20009038                HAL_XSPI_DeInit
 .text.HAL_XSPI_MspDeInit
                0x20009086       0x14 ./Drivers/STM32H5xx_HAL_Driver/Src/stm32h5xx_hal_xspi.o
                0x20009086                HAL_XSPI_MspDeInit
 .text.HAL_XSPI_Command
                0x2000909a      0x120 ./Drivers/STM32H5xx_HAL_Driver/Src/stm32h5xx_hal_xspi.o
                0x2000909a                HAL_XSPI_Command
 .text.HAL_XSPI_Transmit
                0x200091ba       0xe6 ./Drivers/STM32H5xx_HAL_Driver/Src/stm32h5xx_hal_xspi.o
                0x200091ba                HAL_XSPI_Transmit
 .text.HAL_XSPI_Receive
                0x200092a0      0x146 ./Drivers/STM32H5xx_HAL_Driver/Src/stm32h5xx_hal_xspi.o
                0x200092a0                HAL_XSPI_Receive
 .text.HAL_XSPI_AutoPolling
                0x200093e6      0x114 ./Drivers/STM32H5xx_HAL_Driver/Src/stm32h5xx_hal_xspi.o
                0x200093e6                HAL_XSPI_AutoPolling
 .text.HAL_XSPI_MemoryMapped
                0x200094fa       0x9a ./Drivers/STM32H5xx_HAL_Driver/Src/stm32h5xx_hal_xspi.o
                0x200094fa                HAL_XSPI_MemoryMapped
 .text.HAL_XSPI_Abort
                0x20009594      0x10e ./Drivers/STM32H5xx_HAL_Driver/Src/stm32h5xx_hal_xspi.o
                0x20009594                HAL_XSPI_Abort
 .text.HAL_XSPI_SetTimeout
                0x200096a2       0x1e ./Drivers/STM32H5xx_HAL_Driver/Src/stm32h5xx_hal_xspi.o
                0x200096a2                HAL_XSPI_SetTimeout
 .text.HAL_XSPI_DLYB_SetConfig
                0x200096c0       0x78 ./Drivers/STM32H5xx_HAL_Driver/Src/stm32h5xx_hal_xspi.o
                0x200096c0                HAL_XSPI_DLYB_SetConfig
 .text.HAL_XSPI_DLYB_GetClockPeriod
                0x20009738       0x84 ./Drivers/STM32H5xx_HAL_Driver/Src/stm32h5xx_hal_xspi.o
                0x20009738                HAL_XSPI_DLYB_GetClockPeriod
 .text.XSPI_WaitFlagStateUntilTimeout
                0x200097bc       0x6c ./Drivers/STM32H5xx_HAL_Driver/Src/stm32h5xx_hal_xspi.o
 .text.XSPI_ConfigCmd
                0x20009828      0x350 ./Drivers/STM32H5xx_HAL_Driver/Src/stm32h5xx_hal_xspi.o
 .text.LL_DLYB_SetDelay
                0x20009b78       0x3e ./Drivers/STM32H5xx_HAL_Driver/Src/stm32h5xx_ll_dlyb.o
                0x20009b78                LL_DLYB_SetDelay
 *fill*         0x20009bb6        0x2 
 .text.LL_DLYB_GetClockPeriod
                0x20009bb8       0xdc ./Drivers/STM32H5xx_HAL_Driver/Src/stm32h5xx_ll_dlyb.o
                0x20009bb8                LL_DLYB_GetClockPeriod
 .text.std      0x20009c94       0x6c C:/ST/IDE2/STM32CubeIDE/plugins/com.st.stm32cube.ide.mcu.externaltools.gnu-tools-for-stm32.13.3.rel1.win32_1.0.100.202509120712/tools/bin/../lib/gcc/arm-none-eabi/13.3.1/../../../../arm-none-eabi/lib/thumb/v8-m.main+fp/hard\libc_nano.a(libc_a-findfp.o)
 .text.stdio_exit_handler
                0x20009d00       0x18 C:/ST/IDE2/STM32CubeIDE/plugins/com.st.stm32cube.ide.mcu.externaltools.gnu-tools-for-stm32.13.3.rel1.win32_1.0.100.202509120712/tools/bin/../lib/gcc/arm-none-eabi/13.3.1/../../../../arm-none-eabi/lib/thumb/v8-m.main+fp/hard\libc_nano.a(libc_a-findfp.o)
 .text.cleanup_stdio
                0x20009d18       0x40 C:/ST/IDE2/STM32CubeIDE/plugins/com.st.stm32cube.ide.mcu.externaltools.gnu-tools-for-stm32.13.3.rel1.win32_1.0.100.202509120712/tools/bin/../lib/gcc/arm-none-eabi/13.3.1/../../../../arm-none-eabi/lib/thumb/v8-m.main+fp/hard\libc_nano.a(libc_a-findfp.o)
 .text.global_stdio_init.part.0
                0x20009d58       0x3c C:/ST/IDE2/STM32CubeIDE/plugins/com.st.stm32cube.ide.mcu.externaltools.gnu-tools-for-stm32.13.3.rel1.win32_1.0.100.202509120712/tools/bin/../lib/gcc/arm-none-eabi/13.3.1/../../../../arm-none-eabi/lib/thumb/v8-m.main+fp/hard\libc_nano.a(libc_a-findfp.o)
 .text.__sfp_lock_acquire
                0x20009d94        0xc C:/ST/IDE2/STM32CubeIDE/plugins/com.st.stm32cube.ide.mcu.externaltools.gnu-tools-for-stm32.13.3.rel1.win32_1.0.100.202509120712/tools/bin/../lib/gcc/arm-none-eabi/13.3.1/../../../../arm-none-eabi/lib/thumb/v8-m.main+fp/hard\libc_nano.a(libc_a-findfp.o)
                0x20009d94                __sfp_lock_acquire
 .text.__sfp_lock_release
                0x20009da0        0xc C:/ST/IDE2/STM32CubeIDE/plugins/com.st.stm32cube.ide.mcu.externaltools.gnu-tools-for-stm32.13.3.rel1.win32_1.0.100.202509120712/tools/bin/../lib/gcc/arm-none-eabi/13.3.1/../../../../arm-none-eabi/lib/thumb/v8-m.main+fp/hard\libc_nano.a(libc_a-findfp.o)
                0x20009da0                __sfp_lock_release
 .text.__sinit  0x20009dac       0x30 C:/ST/IDE2/STM32CubeIDE/plugins/com.st.stm32cube.ide.mcu.externaltools.gnu-tools-for-stm32.13.3.rel1.win32_1.0.100.202509120712/tools/bin/../lib/gcc/arm-none-eabi/13.3.1/../../../../arm-none-eabi/lib/thumb/v8-m.main+fp/hard\libc_nano.a(libc_a-findfp.o)
                0x20009dac                __sinit
 .text._fwalk_sglue
                0x20009ddc       0x3c C:/ST/IDE2/STM32CubeIDE/plugins/com.st.stm32cube.ide.mcu.externaltools.gnu-tools-for-stm32.13.3.rel1.win32_1.0.100.202509120712/tools/bin/../lib/gcc/arm-none-eabi/13.3.1/../../../../arm-none-eabi/lib/thumb/v8-m.main+fp/hard\libc_nano.a(libc_a-fwalk.o)
                0x20009ddc                _fwalk_sglue
 .text.printf   0x20009e18       0x24 C:/ST/IDE2/STM32CubeIDE/plugins/com.st.stm32cube.ide.mcu.externaltools.gnu-tools-for-stm32.13.3.rel1.win32_1.0.100.202509120712/tools/bin/../lib/gcc/arm-none-eabi/13.3.1/../../../../arm-none-eabi/lib/thumb/v8-m.main+fp/hard\libc_nano.a(libc_a-printf.o)
                0x20009e18                iprintf
                0x20009e18                printf
 .text._puts_r  0x20009e3c       0xaa C:/ST/IDE2/STM32CubeIDE/plugins/com.st.stm32cube.ide.mcu.externaltools.gnu-tools-for-stm32.13.3.rel1.win32_1.0.100.202509120712/tools/bin/../lib/gcc/arm-none-eabi/13.3.1/../../../../arm-none-eabi/lib/thumb/v8-m.main+fp/hard\libc_nano.a(libc_a-puts.o)
                0x20009e3c                _puts_r
 *fill*         0x20009ee6        0x2 
 .text.puts     0x20009ee8       0x10 C:/ST/IDE2/STM32CubeIDE/plugins/com.st.stm32cube.ide.mcu.externaltools.gnu-tools-for-stm32.13.3.rel1.win32_1.0.100.202509120712/tools/bin/../lib/gcc/arm-none-eabi/13.3.1/../../../../arm-none-eabi/lib/thumb/v8-m.main+fp/hard\libc_nano.a(libc_a-puts.o)
                0x20009ee8                puts
 .text.setvbuf  0x20009ef8      0x168 C:/ST/IDE2/STM32CubeIDE/plugins/com.st.stm32cube.ide.mcu.externaltools.gnu-tools-for-stm32.13.3.rel1.win32_1.0.100.202509120712/tools/bin/../lib/gcc/arm-none-eabi/13.3.1/../../../../arm-none-eabi/lib/thumb/v8-m.main+fp/hard\libc_nano.a(libc_a-setvbuf.o)
                0x20009ef8                setvbuf
 .text.__sread  0x2000a060       0x22 C:/ST/IDE2/STM32CubeIDE/plugins/com.st.stm32cube.ide.mcu.externaltools.gnu-tools-for-stm32.13.3.rel1.win32_1.0.100.202509120712/tools/bin/../lib/gcc/arm-none-eabi/13.3.1/../../../../arm-none-eabi/lib/thumb/v8-m.main+fp/hard\libc_nano.a(libc_a-stdio.o)
                0x2000a060                __sread
 .text.__swrite
                0x2000a082       0x38 C:/ST/IDE2/STM32CubeIDE/plugins/com.st.stm32cube.ide.mcu.externaltools.gnu-tools-for-stm32.13.3.rel1.win32_1.0.100.202509120712/tools/bin/../lib/gcc/arm-none-eabi/13.3.1/../../../../arm-none-eabi/lib/thumb/v8-m.main+fp/hard\libc_nano.a(libc_a-stdio.o)
                0x2000a082                __swrite
 .text.__sseek  0x2000a0ba       0x24 C:/ST/IDE2/STM32CubeIDE/plugins/com.st.stm32cube.ide.mcu.externaltools.gnu-tools-for-stm32.13.3.rel1.win32_1.0.100.202509120712/tools/bin/../lib/gcc/arm-none-eabi/13.3.1/../../../../arm-none-eabi/lib/thumb/v8-m.main+fp/hard\libc_nano.a(libc_a-stdio.o)
                0x2000a0ba                __sseek
 .text.__sclose
                0x2000a0de        0x8 C:/ST/IDE2/STM32CubeIDE/plugins/com.st.stm32cube.ide.mcu.externaltools.gnu-tools-for-stm32.13.3.rel1.win32_1.0.100.202509120712/tools/bin/../lib/gcc/arm-none-eabi/13.3.1/../../../../arm-none-eabi/lib/thumb/v8-m.main+fp/hard\libc_nano.a(libc_a-stdio.o)
                0x2000a0de                __sclose
 .text.__swbuf_r
                0x2000a0e6       0x7c C:/ST/IDE2/STM32CubeIDE/plugins/com.st.stm32cube.ide.mcu.externaltools.gnu-tools-for-stm32.13.3.rel1.win32_1.0.100.202509120712/tools/bin/../lib/gcc/arm-none-eabi/13.3.1/../../../../arm-none-eabi/lib/thumb/v8-m.main+fp/hard\libc_nano.a(libc_a-wbuf.o)
                0x2000a0e6                __swbuf_r
 *fill*         0x2000a162        0x2 
 .text.__swsetup_r
                0x2000a164       0xac C:/ST/IDE2/STM32CubeIDE/plugins/com.st.stm32cube.ide.mcu.externaltools.gnu-tools-for-stm32.13.3.rel1.win32_1.0.100.202509120712/tools/bin/../lib/gcc/arm-none-eabi/13.3.1/../../../../arm-none-eabi/lib/thumb/v8-m.main+fp/hard\libc_nano.a(libc_a-wsetup.o)
                0x2000a164                __swsetup_r
 .text.memset   0x2000a210       0x10 C:/ST/IDE2/STM32CubeIDE/plugins/com.st.stm32cube.ide.mcu.externaltools.gnu-tools-for-stm32.13.3.rel1.win32_1.0.100.202509120712/tools/bin/../lib/gcc/arm-none-eabi/13.3.1/../../../../arm-none-eabi/lib/thumb/v8-m.main+fp/hard\libc_nano.a(libc_a-memset.o)
                0x2000a210                memset
 .text._close_r
                0x2000a220       0x20 C:/ST/IDE2/STM32CubeIDE/plugins/com.st.stm32cube.ide.mcu.externaltools.gnu-tools-for-stm32.13.3.rel1.win32_1.0.100.202509120712/tools/bin/../lib/gcc/arm-none-eabi/13.3.1/../../../../arm-none-eabi/lib/thumb/v8-m.main+fp/hard\libc_nano.a(libc_a-closer.o)
                0x2000a220                _close_r
 .text._lseek_r
                0x2000a240       0x24 C:/ST/IDE2/STM32CubeIDE/plugins/com.st.stm32cube.ide.mcu.externaltools.gnu-tools-for-stm32.13.3.rel1.win32_1.0.100.202509120712/tools/bin/../lib/gcc/arm-none-eabi/13.3.1/../../../../arm-none-eabi/lib/thumb/v8-m.main+fp/hard\libc_nano.a(libc_a-lseekr.o)
                0x2000a240                _lseek_r
 .text._read_r  0x2000a264       0x24 C:/ST/IDE2/STM32CubeIDE/plugins/com.st.stm32cube.ide.mcu.externaltools.gnu-tools-for-stm32.13.3.rel1.win32_1.0.100.202509120712/tools/bin/../lib/gcc/arm-none-eabi/13.3.1/../../../../arm-none-eabi/lib/thumb/v8-m.main+fp/hard\libc_nano.a(libc_a-readr.o)
                0x2000a264                _read_r
 .text._write_r
                0x2000a288       0x24 C:/ST/IDE2/STM32CubeIDE/plugins/com.st.stm32cube.ide.mcu.externaltools.gnu-tools-for-stm32.13.3.rel1.win32_1.0.100.202509120712/tools/bin/../lib/gcc/arm-none-eabi/13.3.1/../../../../arm-none-eabi/lib/thumb/v8-m.main+fp/hard\libc_nano.a(libc_a-writer.o)
                0x2000a288                _write_r
 .text.__errno  0x2000a2ac        0xc C:/ST/IDE2/STM32CubeIDE/plugins/com.st.stm32cube.ide.mcu.externaltools.gnu-tools-for-stm32.13.3.rel1.win32_1.0.100.202509120712/tools/bin/../lib/gcc/arm-none-eabi/13.3.1/../../../../arm-none-eabi/lib/thumb/v8-m.main+fp/hard\libc_nano.a(libc_a-errno.o)
                0x2000a2ac                __errno
 .text.__libc_init_array
                0x2000a2b8       0x48 C:/ST/IDE2/STM32CubeIDE/plugins/com.st.stm32cube.ide.mcu.externaltools.gnu-tools-for-stm32.13.3.rel1.win32_1.0.100.202509120712/tools/bin/../lib/gcc/arm-none-eabi/13.3.1/../../../../arm-none-eabi/lib/thumb/v8-m.main+fp/hard\libc_nano.a(libc_a-init.o)
                0x2000a2b8                __libc_init_array
 .text.__retarget_lock_init_recursive
                0x2000a300        0x2 C:/ST/IDE2/STM32CubeIDE/plugins/com.st.stm32cube.ide.mcu.externaltools.gnu-tools-for-stm32.13.3.rel1.win32_1.0.100.202509120712/tools/bin/../lib/gcc/arm-none-eabi/13.3.1/../../../../arm-none-eabi/lib/thumb/v8-m.main+fp/hard\libc_nano.a(libc_a-lock.o)
                0x2000a300                __retarget_lock_init_recursive
 .text.__retarget_lock_acquire_recursive
                0x2000a302        0x2 C:/ST/IDE2/STM32CubeIDE/plugins/com.st.stm32cube.ide.mcu.externaltools.gnu-tools-for-stm32.13.3.rel1.win32_1.0.100.202509120712/tools/bin/../lib/gcc/arm-none-eabi/13.3.1/../../../../arm-none-eabi/lib/thumb/v8-m.main+fp/hard\libc_nano.a(libc_a-lock.o)
                0x2000a302                __retarget_lock_acquire_recursive
 .text.__retarget_lock_release_recursive
                0x2000a304        0x2 C:/ST/IDE2/STM32CubeIDE/plugins/com.st.stm32cube.ide.mcu.externaltools.gnu-tools-for-stm32.13.3.rel1.win32_1.0.100.202509120712/tools/bin/../lib/gcc/arm-none-eabi/13.3.1/../../../../arm-none-eabi/lib/thumb/v8-m.main+fp/hard\libc_nano.a(libc_a-lock.o)
                0x2000a304                __retarget_lock_release_recursive
 *fill*         0x2000a306        0x2 
 .text._free_r  0x2000a308       0x94 C:/ST/IDE2/STM32CubeIDE/plugins/com.st.stm32cube.ide.mcu.externaltools.gnu-tools-for-stm32.13.3.rel1.win32_1.0.100.202509120712/tools/bin/../lib/gcc/arm-none-eabi/13.3.1/../../../../arm-none-eabi/lib/thumb/v8-m.main+fp/hard\libc_nano.a(libc_a-freer.o)
                0x2000a308                _free_r
 .text.malloc   0x2000a39c       0x10 C:/ST/IDE2/STM32CubeIDE/plugins/com.st.stm32cube.ide.mcu.externaltools.gnu-tools-for-stm32.13.3.rel1.win32_1.0.100.202509120712/tools/bin/../lib/gcc/arm-none-eabi/13.3.1/../../../../arm-none-eabi/lib/thumb/v8-m.main+fp/hard\libc_nano.a(libc_a-malloc.o)
                0x2000a39c                malloc
 .text.sbrk_aligned
                0x2000a3ac       0x44 C:/ST/IDE2/STM32CubeIDE/plugins/com.st.stm32cube.ide.mcu.externaltools.gnu-tools-for-stm32.13.3.rel1.win32_1.0.100.202509120712/tools/bin/../lib/gcc/arm-none-eabi/13.3.1/../../../../arm-none-eabi/lib/thumb/v8-m.main+fp/hard\libc_nano.a(libc_a-mallocr.o)
 .text._malloc_r
                0x2000a3f0      0x100 C:/ST/IDE2/STM32CubeIDE/plugins/com.st.stm32cube.ide.mcu.externaltools.gnu-tools-for-stm32.13.3.rel1.win32_1.0.100.202509120712/tools/bin/../lib/gcc/arm-none-eabi/13.3.1/../../../../arm-none-eabi/lib/thumb/v8-m.main+fp/hard\libc_nano.a(libc_a-mallocr.o)
                0x2000a3f0                _malloc_r
 .text.__malloc_lock
                0x2000a4f0        0xc C:/ST/IDE2/STM32CubeIDE/plugins/com.st.stm32cube.ide.mcu.externaltools.gnu-tools-for-stm32.13.3.rel1.win32_1.0.100.202509120712/tools/bin/../lib/gcc/arm-none-eabi/13.3.1/../../../../arm-none-eabi/lib/thumb/v8-m.main+fp/hard\libc_nano.a(libc_a-mlock.o)
                0x2000a4f0                __malloc_lock
 .text.__malloc_unlock
                0x2000a4fc        0xc C:/ST/IDE2/STM32CubeIDE/plugins/com.st.stm32cube.ide.mcu.externaltools.gnu-tools-for-stm32.13.3.rel1.win32_1.0.100.202509120712/tools/bin/../lib/gcc/arm-none-eabi/13.3.1/../../../../arm-none-eabi/lib/thumb/v8-m.main+fp/hard\libc_nano.a(libc_a-mlock.o)
                0x2000a4fc                __malloc_unlock
 .text.__sfputc_r
                0x2000a508       0x2e C:/ST/IDE2/STM32CubeIDE/plugins/com.st.stm32cube.ide.mcu.externaltools.gnu-tools-for-stm32.13.3.rel1.win32_1.0.100.202509120712/tools/bin/../lib/gcc/arm-none-eabi/13.3.1/../../../../arm-none-eabi/lib/thumb/v8-m.main+fp/hard\libc_nano.a(libc_a-nano-vfprintf.o)
 .text.__sfputs_r
                0x2000a536       0x24 C:/ST/IDE2/STM32CubeIDE/plugins/com.st.stm32cube.ide.mcu.externaltools.gnu-tools-for-stm32.13.3.rel1.win32_1.0.100.202509120712/tools/bin/../lib/gcc/arm-none-eabi/13.3.1/../../../../arm-none-eabi/lib/thumb/v8-m.main+fp/hard\libc_nano.a(libc_a-nano-vfprintf.o)
                0x2000a536                __sfputs_r
 *fill*         0x2000a55a        0x2 
 .text._vfprintf_r
                0x2000a55c      0x230 C:/ST/IDE2/STM32CubeIDE/plugins/com.st.stm32cube.ide.mcu.externaltools.gnu-tools-for-stm32.13.3.rel1.win32_1.0.100.202509120712/tools/bin/../lib/gcc/arm-none-eabi/13.3.1/../../../../arm-none-eabi/lib/thumb/v8-m.main+fp/hard\libc_nano.a(libc_a-nano-vfprintf.o)
                0x2000a55c                _vfprintf_r
                0x2000a55c                _vfiprintf_r
 .text._printf_common
                0x2000a78c       0xe4 C:/ST/IDE2/STM32CubeIDE/plugins/com.st.stm32cube.ide.mcu.externaltools.gnu-tools-for-stm32.13.3.rel1.win32_1.0.100.202509120712/tools/bin/../lib/gcc/arm-none-eabi/13.3.1/../../../../arm-none-eabi/lib/thumb/v8-m.main+fp/hard\libc_nano.a(libc_a-nano-vfprintf_i.o)
                0x2000a78c                _printf_common
 .text._printf_i
                0x2000a870      0x23c C:/ST/IDE2/STM32CubeIDE/plugins/com.st.stm32cube.ide.mcu.externaltools.gnu-tools-for-stm32.13.3.rel1.win32_1.0.100.202509120712/tools/bin/../lib/gcc/arm-none-eabi/13.3.1/../../../../arm-none-eabi/lib/thumb/v8-m.main+fp/hard\libc_nano.a(libc_a-nano-vfprintf_i.o)
                0x2000a870                _printf_i
 .text.__sflush_r
                0x2000aaac      0x108 C:/ST/IDE2/STM32CubeIDE/plugins/com.st.stm32cube.ide.mcu.externaltools.gnu-tools-for-stm32.13.3.rel1.win32_1.0.100.202509120712/tools/bin/../lib/gcc/arm-none-eabi/13.3.1/../../../../arm-none-eabi/lib/thumb/v8-m.main+fp/hard\libc_nano.a(libc_a-fflush.o)
                0x2000aaac                __sflush_r
 .text._fflush_r
                0x2000abb4       0x50 C:/ST/IDE2/STM32CubeIDE/plugins/com.st.stm32cube.ide.mcu.externaltools.gnu-tools-for-stm32.13.3.rel1.win32_1.0.100.202509120712/tools/bin/../lib/gcc/arm-none-eabi/13.3.1/../../../../arm-none-eabi/lib/thumb/v8-m.main+fp/hard\libc_nano.a(libc_a-fflush.o)
                0x2000abb4                _fflush_r
 .text.__swhatbuf_r
                0x2000ac04       0x4a C:/ST/IDE2/STM32CubeIDE/plugins/com.st.stm32cube.ide.mcu.externaltools.gnu-tools-for-stm32.13.3.rel1.win32_1.0.100.202509120712/tools/bin/../lib/gcc/arm-none-eabi/13.3.1/../../../../arm-none-eabi/lib/thumb/v8-m.main+fp/hard\libc_nano.a(libc_a-makebuf.o)
                0x2000ac04                __swhatbuf_r
 .text.__smakebuf_r
                0x2000ac4e       0x78 C:/ST/IDE2/STM32CubeIDE/plugins/com.st.stm32cube.ide.mcu.externaltools.gnu-tools-for-stm32.13.3.rel1.win32_1.0.100.202509120712/tools/bin/../lib/gcc/arm-none-eabi/13.3.1/../../../../arm-none-eabi/lib/thumb/v8-m.main+fp/hard\libc_nano.a(libc_a-makebuf.o)
                0x2000ac4e                __smakebuf_r
 *fill*         0x2000acc6        0x2 
 .text._fstat_r
                0x2000acc8       0x24 C:/ST/IDE2/STM32CubeIDE/plugins/com.st.stm32cube.ide.mcu.externaltools.gnu-tools-for-stm32.13.3.rel1.win32_1.0.100.202509120712/tools/bin/../lib/gcc/arm-none-eabi/13.3.1/../../../../arm-none-eabi/lib/thumb/v8-m.main+fp/hard\libc_nano.a(libc_a-fstatr.o)
                0x2000acc8                _fstat_r
 .text._isatty_r
                0x2000acec       0x20 C:/ST/IDE2/STM32CubeIDE/plugins/com.st.stm32cube.ide.mcu.externaltools.gnu-tools-for-stm32.13.3.rel1.win32_1.0.100.202509120712/tools/bin/../lib/gcc/arm-none-eabi/13.3.1/../../../../arm-none-eabi/lib/thumb/v8-m.main+fp/hard\libc_nano.a(libc_a-isattyr.o)
                0x2000acec                _isatty_r
 .text._sbrk_r  0x2000ad0c       0x20 C:/ST/IDE2/STM32CubeIDE/plugins/com.st.stm32cube.ide.mcu.externaltools.gnu-tools-for-stm32.13.3.rel1.win32_1.0.100.202509120712/tools/bin/../lib/gcc/arm-none-eabi/13.3.1/../../../../arm-none-eabi/lib/thumb/v8-m.main+fp/hard\libc_nano.a(libc_a-sbrkr.o)
                0x2000ad0c                _sbrk_r
 .text.memchr   0x2000ad2c       0x1c C:/ST/IDE2/STM32CubeIDE/plugins/com.st.stm32cube.ide.mcu.externaltools.gnu-tools-for-stm32.13.3.rel1.win32_1.0.100.202509120712/tools/bin/../lib/gcc/arm-none-eabi/13.3.1/../../../../arm-none-eabi/lib/thumb/v8-m.main+fp/hard\libc_nano.a(libc_a-memchr-stub.o)
                0x2000ad2c                memchr
 *(.glue_7)
 .glue_7        0x2000ad48        0x0 linker stubs
 *(.glue_7t)
 .glue_7t       0x2000ad48        0x0 linker stubs
 *(.eh_frame)
 .eh_frame      0x2000ad48        0x0 C:/ST/IDE2/STM32CubeIDE/plugins/com.st.stm32cube.ide.mcu.externaltools.gnu-tools-for-stm32.13.3.rel1.win32_1.0.100.202509120712/tools/bin/../lib/gcc/arm-none-eabi/13.3.1/thumb/v8-m.main+fp/hard/crtbegin.o
 *(.text.Init)
 *(.text.Write)
 *(.text.SectorErase)
 *(.text.Verify)
 *(.text.HAL_InitTick)
 *(.text.MassErase)
 *(.text.Read)
 *(.init)
 .init          0x2000ad48        0x4 C:/ST/IDE2/STM32CubeIDE/plugins/com.st.stm32cube.ide.mcu.externaltools.gnu-tools-for-stm32.13.3.rel1.win32_1.0.100.202509120712/tools/bin/../lib/gcc/arm-none-eabi/13.3.1/thumb/v8-m.main+fp/hard/crti.o
                0x2000ad48                _init
 .init          0x2000ad4c        0x8 C:/ST/IDE2/STM32CubeIDE/plugins/com.st.stm32cube.ide.mcu.externaltools.gnu-tools-for-stm32.13.3.rel1.win32_1.0.100.202509120712/tools/bin/../lib/gcc/arm-none-eabi/13.3.1/thumb/v8-m.main+fp/hard/crtn.o
 *(.fini)
 .fini          0x2000ad54        0x4 C:/ST/IDE2/STM32CubeIDE/plugins/com.st.stm32cube.ide.mcu.externaltools.gnu-tools-for-stm32.13.3.rel1.win32_1.0.100.202509120712/tools/bin/../lib/gcc/arm-none-eabi/13.3.1/thumb/v8-m.main+fp/hard/crti.o
                0x2000ad54                _fini
 .fini          0x2000ad58        0x8 C:/ST/IDE2/STM32CubeIDE/plugins/com.st.stm32cube.ide.mcu.externaltools.gnu-tools-for-stm32.13.3.rel1.win32_1.0.100.202509120712/tools/bin/../lib/gcc/arm-none-eabi/13.3.1/thumb/v8-m.main+fp/hard/crtn.o
                0x2000ad60                        . = ALIGN (0x4)
                0x2000ad60                        _etext = .

.vfp11_veneer   0x2000ad60        0x0
 .vfp11_veneer  0x2000ad60        0x0 linker stubs

.v4_bx          0x2000ad60        0x0
 .v4_bx         0x2000ad60        0x0 linker stubs

.iplt           0x2000ad60        0x0
 .iplt          0x2000ad60        0x0 C:/ST/IDE2/STM32CubeIDE/plugins/com.st.stm32cube.ide.mcu.externaltools.gnu-tools-for-stm32.13.3.rel1.win32_1.0.100.202509120712/tools/bin/../lib/gcc/arm-none-eabi/13.3.1/thumb/v8-m.main+fp/hard/crtbegin.o

.Dev_info       0x2000ad60       0xc8
 *Dev_Inf.o(.rodata*)
 .rodata.StorageInfo
                0x2000ad60       0xc8 ./Core/Src/Dev_Inf.o
                0x2000ad60                StorageInfo

.rodata         0x2000ae28      0x54c
                0x2000ae28                        . = ALIGN (0x4)
 *(.rodata)
 .rodata        0x2000ae28      0x4e4 ./Core/Src/Loader_Src.o
 *(.rodata*)
 .rodata.condition
                0x2000b30c        0x1 ./Core/Src/Loader_Src.o
                0x2000b30c                condition
 *fill*         0x2000b30d        0x3 
 .rodata.AHBPrescTable
                0x2000b310       0x10 ./Core/Src/system_stm32h5xx.o
                0x2000b310                AHBPrescTable
 .rodata.APBPrescTable
                0x2000b320        0x8 ./Core/Src/system_stm32h5xx.o
                0x2000b320                APBPrescTable
 .rodata.UARTPrescTable
                0x2000b328       0x18 ./Drivers/STM32H5xx_HAL_Driver/Src/stm32h5xx_hal_uart.o
                0x2000b328                UARTPrescTable
 .rodata._vfprintf_r.str1.1
                0x2000b340       0x33 C:/ST/IDE2/STM32CubeIDE/plugins/com.st.stm32cube.ide.mcu.externaltools.gnu-tools-for-stm32.13.3.rel1.win32_1.0.100.202509120712/tools/bin/../lib/gcc/arm-none-eabi/13.3.1/../../../../arm-none-eabi/lib/thumb/v8-m.main+fp/hard\libc_nano.a(libc_a-nano-vfprintf.o)
                                 0x11 (size before relaxing)
 .rodata._printf_i.str1.1
                0x2000b373        0x0 C:/ST/IDE2/STM32CubeIDE/plugins/com.st.stm32cube.ide.mcu.externaltools.gnu-tools-for-stm32.13.3.rel1.win32_1.0.100.202509120712/tools/bin/../lib/gcc/arm-none-eabi/13.3.1/../../../../arm-none-eabi/lib/thumb/v8-m.main+fp/hard\libc_nano.a(libc_a-nano-vfprintf_i.o)
                                 0x22 (size before relaxing)
                0x2000b374                        . = ALIGN (0x4)
 *fill*         0x2000b373        0x1 

.rel.dyn        0x2000b374        0x0
 .rel.iplt      0x2000b374        0x0 C:/ST/IDE2/STM32CubeIDE/plugins/com.st.stm32cube.ide.mcu.externaltools.gnu-tools-for-stm32.13.3.rel1.win32_1.0.100.202509120712/tools/bin/../lib/gcc/arm-none-eabi/13.3.1/thumb/v8-m.main+fp/hard/crtbegin.o

._user_heap_stack
                0x2000b374      0x600
                0x2000b374                        . = ALIGN (0x4)
                [!provide]                        PROVIDE (end = .)
                0x2000b374                        PROVIDE (_end = .)
                0x2000b574                        . = (. + _Min_Heap_Size)
 *fill*         0x2000b374      0x200 
                0x2000b974                        . = (. + _Min_Stack_Size)
 *fill*         0x2000b574      0x400 
                0x2000b974                        . = ALIGN (0x4)

.ARM.attributes
                0x00000000       0x36
 *(.ARM.attributes)
 .ARM.attributes
                0x00000000       0x26 C:/ST/IDE2/STM32CubeIDE/plugins/com.st.stm32cube.ide.mcu.externaltools.gnu-tools-for-stm32.13.3.rel1.win32_1.0.100.202509120712/tools/bin/../lib/gcc/arm-none-eabi/13.3.1/thumb/v8-m.main+fp/hard/crti.o
 .ARM.attributes
                0x00000026       0x38 C:/ST/IDE2/STM32CubeIDE/plugins/com.st.stm32cube.ide.mcu.externaltools.gnu-tools-for-stm32.13.3.rel1.win32_1.0.100.202509120712/tools/bin/../lib/gcc/arm-none-eabi/13.3.1/thumb/v8-m.main+fp/hard/crtbegin.o
 .ARM.attributes
                0x0000005e       0x3a ./Core/Src/Dev_Inf.o
 .ARM.attributes
                0x00000098       0x3a ./Core/Src/Loader_Src.o
 .ARM.attributes
                0x000000d2       0x3a ./Core/Src/mx25lm51245g.o
 .ARM.attributes
                0x0000010c       0x3a ./Core/Src/stm32h573i_discovery_ospi.o
 .ARM.attributes
                0x00000146       0x3a ./Core/Src/stm32h5xx_hal_msp.o
 .ARM.attributes
                0x00000180       0x3a ./Core/Src/stm32h5xx_it.o
 .ARM.attributes
                0x000001ba       0x3a ./Core/Src/syscalls.o
 .ARM.attributes
                0x000001f4       0x3a ./Core/Src/sysmem.o
 .ARM.attributes
                0x0000022e       0x3a ./Core/Src/system_stm32h5xx.o
 .ARM.attributes
                0x00000268       0x24 ./Core/Startup/startup_stm32h573iikxq.o
 .ARM.attributes
                0x0000028c       0x3a ./Drivers/STM32H5xx_HAL_Driver/Src/stm32h5xx_hal.o
 .ARM.attributes
                0x000002c6       0x3a ./Drivers/STM32H5xx_HAL_Driver/Src/stm32h5xx_hal_cortex.o
 .ARM.attributes
                0x00000300       0x3a ./Drivers/STM32H5xx_HAL_Driver/Src/stm32h5xx_hal_dma.o
 .ARM.attributes
                0x0000033a       0x3a ./Drivers/STM32H5xx_HAL_Driver/Src/stm32h5xx_hal_gpio.o
 .ARM.attributes
                0x00000374       0x3a ./Drivers/STM32H5xx_HAL_Driver/Src/stm32h5xx_hal_rcc.o
 .ARM.attributes
                0x000003ae       0x3a ./Drivers/STM32H5xx_HAL_Driver/Src/stm32h5xx_hal_rcc_ex.o
 .ARM.attributes
                0x000003e8       0x3a ./Drivers/STM32H5xx_HAL_Driver/Src/stm32h5xx_hal_uart.o
 .ARM.attributes
                0x00000422       0x3a ./Drivers/STM32H5xx_HAL_Driver/Src/stm32h5xx_hal_xspi.o
 .ARM.attributes
                0x0000045c       0x3a ./Drivers/STM32H5xx_HAL_Driver/Src/stm32h5xx_ll_dlyb.o
 .ARM.attributes
                0x00000496       0x38 C:/ST/IDE2/STM32CubeIDE/plugins/com.st.stm32cube.ide.mcu.externaltools.gnu-tools-for-stm32.13.3.rel1.win32_1.0.100.202509120712/tools/bin/../lib/gcc/arm-none-eabi/13.3.1/../../../../arm-none-eabi/lib/thumb/v8-m.main+fp/hard\libc_nano.a(libc_a-findfp.o)
 .ARM.attributes
                0x000004ce       0x38 C:/ST/IDE2/STM32CubeIDE/plugins/com.st.stm32cube.ide.mcu.externaltools.gnu-tools-for-stm32.13.3.rel1.win32_1.0.100.202509120712/tools/bin/../lib/gcc/arm-none-eabi/13.3.1/../../../../arm-none-eabi/lib/thumb/v8-m.main+fp/hard\libc_nano.a(libc_a-fwalk.o)
 .ARM.attributes
                0x00000506       0x38 C:/ST/IDE2/STM32CubeIDE/plugins/com.st.stm32cube.ide.mcu.externaltools.gnu-tools-for-stm32.13.3.rel1.win32_1.0.100.202509120712/tools/bin/../lib/gcc/arm-none-eabi/13.3.1/../../../../arm-none-eabi/lib/thumb/v8-m.main+fp/hard\libc_nano.a(libc_a-printf.o)
 .ARM.attributes
                0x0000053e       0x38 C:/ST/IDE2/STM32CubeIDE/plugins/com.st.stm32cube.ide.mcu.externaltools.gnu-tools-for-stm32.13.3.rel1.win32_1.0.100.202509120712/tools/bin/../lib/gcc/arm-none-eabi/13.3.1/../../../../arm-none-eabi/lib/thumb/v8-m.main+fp/hard\libc_nano.a(libc_a-puts.o)
 .ARM.attributes
                0x00000576       0x38 C:/ST/IDE2/STM32CubeIDE/plugins/com.st.stm32cube.ide.mcu.externaltools.gnu-tools-for-stm32.13.3.rel1.win32_1.0.100.202509120712/tools/bin/../lib/gcc/arm-none-eabi/13.3.1/../../../../arm-none-eabi/lib/thumb/v8-m.main+fp/hard\libc_nano.a(libc_a-setvbuf.o)
 .ARM.attributes
                0x000005ae       0x38 C:/ST/IDE2/STM32CubeIDE/plugins/com.st.stm32cube.ide.mcu.externaltools.gnu-tools-for-stm32.13.3.rel1.win32_1.0.100.202509120712/tools/bin/../lib/gcc/arm-none-eabi/13.3.1/../../../../arm-none-eabi/lib/thumb/v8-m.main+fp/hard\libc_nano.a(libc_a-stdio.o)
 .ARM.attributes
                0x000005e6       0x38 C:/ST/IDE2/STM32CubeIDE/plugins/com.st.stm32cube.ide.mcu.externaltools.gnu-tools-for-stm32.13.3.rel1.win32_1.0.100.202509120712/tools/bin/../lib/gcc/arm-none-eabi/13.3.1/../../../../arm-none-eabi/lib/thumb/v8-m.main+fp/hard\libc_nano.a(libc_a-wbuf.o)
 .ARM.attributes
                0x0000061e       0x38 C:/ST/IDE2/STM32CubeIDE/plugins/com.st.stm32cube.ide.mcu.externaltools.gnu-tools-for-stm32.13.3.rel1.win32_1.0.100.202509120712/tools/bin/../lib/gcc/arm-none-eabi/13.3.1/../../../../arm-none-eabi/lib/thumb/v8-m.main+fp/hard\libc_nano.a(libc_a-wsetup.o)
 .ARM.attributes
                0x00000656       0x38 C:/ST/IDE2/STM32CubeIDE/plugins/com.st.stm32cube.ide.mcu.externaltools.gnu-tools-for-stm32.13.3.rel1.win32_1.0.100.202509120712/tools/bin/../lib/gcc/arm-none-eabi/13.3.1/../../../../arm-none-eabi/lib/thumb/v8-m.main+fp/hard\libc_nano.a(libc_a-memset.o)
 .ARM.attributes
                0x0000068e       0x38 C:/ST/IDE2/STM32CubeIDE/plugins/com.st.stm32cube.ide.mcu.externaltools.gnu-tools-for-stm32.13.3.rel1.win32_1.0.100.202509120712/tools/bin/../lib/gcc/arm-none-eabi/13.3.1/../../../../arm-none-eabi/lib/thumb/v8-m.main+fp/hard\libc_nano.a(libc_a-closer.o)
 .ARM.attributes
                0x000006c6       0x38 C:/ST/IDE2/STM32CubeIDE/plugins/com.st.stm32cube.ide.mcu.externaltools.gnu-tools-for-stm32.13.3.rel1.win32_1.0.100.202509120712/tools/bin/../lib/gcc/arm-none-eabi/13.3.1/../../../../arm-none-eabi/lib/thumb/v8-m.main+fp/hard\libc_nano.a(libc_a-reent.o)
 .ARM.attributes
                0x000006fe       0x38 C:/ST/IDE2/STM32CubeIDE/plugins/com.st.stm32cube.ide.mcu.externaltools.gnu-tools-for-stm32.13.3.rel1.win32_1.0.100.202509120712/tools/bin/../lib/gcc/arm-none-eabi/13.3.1/../../../../arm-none-eabi/lib/thumb/v8-m.main+fp/hard\libc_nano.a(libc_a-impure.o)
 .ARM.attributes
                0x00000736       0x38 C:/ST/IDE2/STM32CubeIDE/plugins/com.st.stm32cube.ide.mcu.externaltools.gnu-tools-for-stm32.13.3.rel1.win32_1.0.100.202509120712/tools/bin/../lib/gcc/arm-none-eabi/13.3.1/../../../../arm-none-eabi/lib/thumb/v8-m.main+fp/hard\libc_nano.a(libc_a-lseekr.o)
 .ARM.attributes
                0x0000076e       0x38 C:/ST/IDE2/STM32CubeIDE/plugins/com.st.stm32cube.ide.mcu.externaltools.gnu-tools-for-stm32.13.3.rel1.win32_1.0.100.202509120712/tools/bin/../lib/gcc/arm-none-eabi/13.3.1/../../../../arm-none-eabi/lib/thumb/v8-m.main+fp/hard\libc_nano.a(libc_a-readr.o)
 .ARM.attributes
                0x000007a6       0x38 C:/ST/IDE2/STM32CubeIDE/plugins/com.st.stm32cube.ide.mcu.externaltools.gnu-tools-for-stm32.13.3.rel1.win32_1.0.100.202509120712/tools/bin/../lib/gcc/arm-none-eabi/13.3.1/../../../../arm-none-eabi/lib/thumb/v8-m.main+fp/hard\libc_nano.a(libc_a-writer.o)
 .ARM.attributes
                0x000007de       0x38 C:/ST/IDE2/STM32CubeIDE/plugins/com.st.stm32cube.ide.mcu.externaltools.gnu-tools-for-stm32.13.3.rel1.win32_1.0.100.202509120712/tools/bin/../lib/gcc/arm-none-eabi/13.3.1/../../../../arm-none-eabi/lib/thumb/v8-m.main+fp/hard\libc_nano.a(libc_a-errno.o)
 .ARM.attributes
                0x00000816       0x38 C:/ST/IDE2/STM32CubeIDE/plugins/com.st.stm32cube.ide.mcu.externaltools.gnu-tools-for-stm32.13.3.rel1.win32_1.0.100.202509120712/tools/bin/../lib/gcc/arm-none-eabi/13.3.1/../../../../arm-none-eabi/lib/thumb/v8-m.main+fp/hard\libc_nano.a(libc_a-init.o)
 .ARM.attributes
                0x0000084e       0x38 C:/ST/IDE2/STM32CubeIDE/plugins/com.st.stm32cube.ide.mcu.externaltools.gnu-tools-for-stm32.13.3.rel1.win32_1.0.100.202509120712/tools/bin/../lib/gcc/arm-none-eabi/13.3.1/../../../../arm-none-eabi/lib/thumb/v8-m.main+fp/hard\libc_nano.a(libc_a-lock.o)
 .ARM.attributes
                0x00000886       0x38 C:/ST/IDE2/STM32CubeIDE/plugins/com.st.stm32cube.ide.mcu.externaltools.gnu-tools-for-stm32.13.3.rel1.win32_1.0.100.202509120712/tools/bin/../lib/gcc/arm-none-eabi/13.3.1/../../../../arm-none-eabi/lib/thumb/v8-m.main+fp/hard\libc_nano.a(libc_a-freer.o)
 .ARM.attributes
                0x000008be       0x38 C:/ST/IDE2/STM32CubeIDE/plugins/com.st.stm32cube.ide.mcu.externaltools.gnu-tools-for-stm32.13.3.rel1.win32_1.0.100.202509120712/tools/bin/../lib/gcc/arm-none-eabi/13.3.1/../../../../arm-none-eabi/lib/thumb/v8-m.main+fp/hard\libc_nano.a(libc_a-malloc.o)
 .ARM.attributes
                0x000008f6       0x38 C:/ST/IDE2/STM32CubeIDE/plugins/com.st.stm32cube.ide.mcu.externaltools.gnu-tools-for-stm32.13.3.rel1.win32_1.0.100.202509120712/tools/bin/../lib/gcc/arm-none-eabi/13.3.1/../../../../arm-none-eabi/lib/thumb/v8-m.main+fp/hard\libc_nano.a(libc_a-mallocr.o)
 .ARM.attributes
                0x0000092e       0x38 C:/ST/IDE2/STM32CubeIDE/plugins/com.st.stm32cube.ide.mcu.externaltools.gnu-tools-for-stm32.13.3.rel1.win32_1.0.100.202509120712/tools/bin/../lib/gcc/arm-none-eabi/13.3.1/../../../../arm-none-eabi/lib/thumb/v8-m.main+fp/hard\libc_nano.a(libc_a-mlock.o)
 .ARM.attributes
                0x00000966       0x38 C:/ST/IDE2/STM32CubeIDE/plugins/com.st.stm32cube.ide.mcu.externaltools.gnu-tools-for-stm32.13.3.rel1.win32_1.0.100.202509120712/tools/bin/../lib/gcc/arm-none-eabi/13.3.1/../../../../arm-none-eabi/lib/thumb/v8-m.main+fp/hard\libc_nano.a(libc_a-nano-vfprintf.o)
 .ARM.attributes
                0x0000099e       0x38 C:/ST/IDE2/STM32CubeIDE/plugins/com.st.stm32cube.ide.mcu.externaltools.gnu-tools-for-stm32.13.3.rel1.win32_1.0.100.202509120712/tools/bin/../lib/gcc/arm-none-eabi/13.3.1/../../../../arm-none-eabi/lib/thumb/v8-m.main+fp/hard\libc_nano.a(libc_a-nano-vfprintf_i.o)
 .ARM.attributes
                0x000009d6       0x38 C:/ST/IDE2/STM32CubeIDE/plugins/com.st.stm32cube.ide.mcu.externaltools.gnu-tools-for-stm32.13.3.rel1.win32_1.0.100.202509120712/tools/bin/../lib/gcc/arm-none-eabi/13.3.1/../../../../arm-none-eabi/lib/thumb/v8-m.main+fp/hard\libc_nano.a(libc_a-fflush.o)
 .ARM.attributes
                0x00000a0e       0x38 C:/ST/IDE2/STM32CubeIDE/plugins/com.st.stm32cube.ide.mcu.externaltools.gnu-tools-for-stm32.13.3.rel1.win32_1.0.100.202509120712/tools/bin/../lib/gcc/arm-none-eabi/13.3.1/../../../../arm-none-eabi/lib/thumb/v8-m.main+fp/hard\libc_nano.a(libc_a-makebuf.o)
 .ARM.attributes
                0x00000a46       0x38 C:/ST/IDE2/STM32CubeIDE/plugins/com.st.stm32cube.ide.mcu.externaltools.gnu-tools-for-stm32.13.3.rel1.win32_1.0.100.202509120712/tools/bin/../lib/gcc/arm-none-eabi/13.3.1/../../../../arm-none-eabi/lib/thumb/v8-m.main+fp/hard\libc_nano.a(libc_a-fstatr.o)
 .ARM.attributes
                0x00000a7e       0x38 C:/ST/IDE2/STM32CubeIDE/plugins/com.st.stm32cube.ide.mcu.externaltools.gnu-tools-for-stm32.13.3.rel1.win32_1.0.100.202509120712/tools/bin/../lib/gcc/arm-none-eabi/13.3.1/../../../../arm-none-eabi/lib/thumb/v8-m.main+fp/hard\libc_nano.a(libc_a-isattyr.o)
 .ARM.attributes
                0x00000ab6       0x38 C:/ST/IDE2/STM32CubeIDE/plugins/com.st.stm32cube.ide.mcu.externaltools.gnu-tools-for-stm32.13.3.rel1.win32_1.0.100.202509120712/tools/bin/../lib/gcc/arm-none-eabi/13.3.1/../../../../arm-none-eabi/lib/thumb/v8-m.main+fp/hard\libc_nano.a(libc_a-sbrkr.o)
 .ARM.attributes
                0x00000aee       0x38 C:/ST/IDE2/STM32CubeIDE/plugins/com.st.stm32cube.ide.mcu.externaltools.gnu-tools-for-stm32.13.3.rel1.win32_1.0.100.202509120712/tools/bin/../lib/gcc/arm-none-eabi/13.3.1/../../../../arm-none-eabi/lib/thumb/v8-m.main+fp/hard\libc_nano.a(libc_a-memchr-stub.o)
 .ARM.attributes
                0x00000b26       0x26 C:/ST/IDE2/STM32CubeIDE/plugins/com.st.stm32cube.ide.mcu.externaltools.gnu-tools-for-stm32.13.3.rel1.win32_1.0.100.202509120712/tools/bin/../lib/gcc/arm-none-eabi/13.3.1/thumb/v8-m.main+fp/hard\libgcc.a(_aeabi_uldivmod.o)
 .ARM.attributes
                0x00000b4c       0x38 C:/ST/IDE2/STM32CubeIDE/plugins/com.st.stm32cube.ide.mcu.externaltools.gnu-tools-for-stm32.13.3.rel1.win32_1.0.100.202509120712/tools/bin/../lib/gcc/arm-none-eabi/13.3.1/thumb/v8-m.main+fp/hard\libgcc.a(_udivmoddi4.o)
 .ARM.attributes
                0x00000b84       0x26 C:/ST/IDE2/STM32CubeIDE/plugins/com.st.stm32cube.ide.mcu.externaltools.gnu-tools-for-stm32.13.3.rel1.win32_1.0.100.202509120712/tools/bin/../lib/gcc/arm-none-eabi/13.3.1/thumb/v8-m.main+fp/hard\libgcc.a(_dvmd_tls.o)
 .ARM.attributes
                0x00000baa       0x26 C:/ST/IDE2/STM32CubeIDE/plugins/com.st.stm32cube.ide.mcu.externaltools.gnu-tools-for-stm32.13.3.rel1.win32_1.0.100.202509120712/tools/bin/../lib/gcc/arm-none-eabi/13.3.1/thumb/v8-m.main+fp/hard/crtn.o
OUTPUT(h5-loader.elf elf32-littlearm)
LOAD linker stubs

.debug_info     0x00000000    0x12f9f
 .debug_info    0x00000000      0x109 ./Core/Src/Dev_Inf.o
 .debug_info    0x00000109     0x244a ./Core/Src/Loader_Src.o
 .debug_info    0x00002553     0x1847 ./Core/Src/mx25lm51245g.o
 .debug_info    0x00003d9a     0x1daa ./Core/Src/stm32h573i_discovery_ospi.o
 .debug_info    0x00005b44       0x9f ./Core/Src/stm32h5xx_hal_msp.o
 .debug_info    0x00005be3      0x128 ./Core/Src/stm32h5xx_it.o
 .debug_info    0x00005d0b      0x6a3 ./Core/Src/syscalls.o
 .debug_info    0x000063ae      0x168 ./Core/Src/sysmem.o
 .debug_info    0x00006516      0xd8e ./Core/Src/system_stm32h5xx.o
 .debug_info    0x000072a4       0x30 ./Core/Startup/startup_stm32h573iikxq.o
 .debug_info    0x000072d4     0x13b1 ./Drivers/STM32H5xx_HAL_Driver/Src/stm32h5xx_hal.o
 .debug_info    0x00008685     0x166a ./Drivers/STM32H5xx_HAL_Driver/Src/stm32h5xx_hal_cortex.o
 .debug_info    0x00009cef      0xadc ./Drivers/STM32H5xx_HAL_Driver/Src/stm32h5xx_hal_dma.o
 .debug_info    0x0000a7cb      0x6b6 ./Drivers/STM32H5xx_HAL_Driver/Src/stm32h5xx_hal_gpio.o
 .debug_info    0x0000ae81     0x109f ./Drivers/STM32H5xx_HAL_Driver/Src/stm32h5xx_hal_rcc.o
 .debug_info    0x0000bf20     0x12d7 ./Drivers/STM32H5xx_HAL_Driver/Src/stm32h5xx_hal_rcc_ex.o
 .debug_info    0x0000d1f7     0x4066 ./Drivers/STM32H5xx_HAL_Driver/Src/stm32h5xx_hal_uart.o
 .debug_info    0x0001125d     0x1b1a ./Drivers/STM32H5xx_HAL_Driver/Src/stm32h5xx_hal_xspi.o
 .debug_info    0x00012d77      0x228 ./Drivers/STM32H5xx_HAL_Driver/Src/stm32h5xx_ll_dlyb.o

.debug_abbrev   0x00000000     0x2463
 .debug_abbrev  0x00000000       0x7d ./Core/Src/Dev_Inf.o
 .debug_abbrev  0x0000007d      0x3d6 ./Core/Src/Loader_Src.o
 .debug_abbrev  0x00000453      0x250 ./Core/Src/mx25lm51245g.o
 .debug_abbrev  0x000006a3      0x346 ./Core/Src/stm32h573i_discovery_ospi.o
 .debug_abbrev  0x000009e9       0x45 ./Core/Src/stm32h5xx_hal_msp.o
 .debug_abbrev  0x00000a2e       0x73 ./Core/Src/stm32h5xx_it.o
 .debug_abbrev  0x00000aa1      0x1b6 ./Core/Src/syscalls.o
 .debug_abbrev  0x00000c57       0xbc ./Core/Src/sysmem.o
 .debug_abbrev  0x00000d13      0x13a ./Core/Src/system_stm32h5xx.o
 .debug_abbrev  0x00000e4d       0x24 ./Core/Startup/startup_stm32h573iikxq.o
 .debug_abbrev  0x00000e71      0x2af ./Drivers/STM32H5xx_HAL_Driver/Src/stm32h5xx_hal.o
 .debug_abbrev  0x00001120      0x311 ./Drivers/STM32H5xx_HAL_Driver/Src/stm32h5xx_hal_cortex.o
 .debug_abbrev  0x00001431      0x1ff ./Drivers/STM32H5xx_HAL_Driver/Src/stm32h5xx_hal_dma.o
 .debug_abbrev  0x00001630      0x1db ./Drivers/STM32H5xx_HAL_Driver/Src/stm32h5xx_hal_gpio.o
 .debug_abbrev  0x0000180b      0x290 ./Drivers/STM32H5xx_HAL_Driver/Src/stm32h5xx_hal_rcc.o
 .debug_abbrev  0x00001a9b      0x269 ./Drivers/STM32H5xx_HAL_Driver/Src/stm32h5xx_hal_rcc_ex.o
 .debug_abbrev  0x00001d04      0x305 ./Drivers/STM32H5xx_HAL_Driver/Src/stm32h5xx_hal_uart.o
 .debug_abbrev  0x00002009      0x2f1 ./Drivers/STM32H5xx_HAL_Driver/Src/stm32h5xx_hal_xspi.o
 .debug_abbrev  0x000022fa      0x169 ./Drivers/STM32H5xx_HAL_Driver/Src/stm32h5xx_ll_dlyb.o

.debug_aranges  0x00000000      0xe18
 .debug_aranges
                0x00000000       0x18 ./Core/Src/Dev_Inf.o
 .debug_aranges
                0x00000018       0x88 ./Core/Src/Loader_Src.o
 .debug_aranges
                0x000000a0       0xf0 ./Core/Src/mx25lm51245g.o
 .debug_aranges
                0x00000190       0xd8 ./Core/Src/stm32h573i_discovery_ospi.o
 .debug_aranges
                0x00000268       0x20 ./Core/Src/stm32h5xx_hal_msp.o
 .debug_aranges
                0x00000288       0x60 ./Core/Src/stm32h5xx_it.o
 .debug_aranges
                0x000002e8       0xa8 ./Core/Src/syscalls.o
 .debug_aranges
                0x00000390       0x20 ./Core/Src/sysmem.o
 .debug_aranges
                0x000003b0       0x28 ./Core/Src/system_stm32h5xx.o
 .debug_aranges
                0x000003d8       0x28 ./Core/Startup/startup_stm32h573iikxq.o
 .debug_aranges
                0x00000400      0x200 ./Drivers/STM32H5xx_HAL_Driver/Src/stm32h5xx_hal.o
 .debug_aranges
                0x00000600      0x140 ./Drivers/STM32H5xx_HAL_Driver/Src/stm32h5xx_hal_cortex.o
 .debug_aranges
                0x00000740       0xa0 ./Drivers/STM32H5xx_HAL_Driver/Src/stm32h5xx_hal_dma.o
 .debug_aranges
                0x000007e0       0x78 ./Drivers/STM32H5xx_HAL_Driver/Src/stm32h5xx_hal_gpio.o
 .debug_aranges
                0x00000858       0xa0 ./Drivers/STM32H5xx_HAL_Driver/Src/stm32h5xx_hal_rcc.o
 .debug_aranges
                0x000008f8      0x108 ./Drivers/STM32H5xx_HAL_Driver/Src/stm32h5xx_hal_rcc_ex.o
 .debug_aranges
                0x00000a00      0x248 ./Drivers/STM32H5xx_HAL_Driver/Src/stm32h5xx_hal_uart.o
 .debug_aranges
                0x00000c48      0x1a0 ./Drivers/STM32H5xx_HAL_Driver/Src/stm32h5xx_hal_xspi.o
 .debug_aranges
                0x00000de8       0x30 ./Drivers/STM32H5xx_HAL_Driver/Src/stm32h5xx_ll_dlyb.o

.debug_macro    0x00000000    0x33459
 .debug_macro   0x00000000       0x1a ./Core/Src/Dev_Inf.o
 .debug_macro   0x0000001a      0xade ./Core/Src/Dev_Inf.o
 .debug_macro   0x00000af8       0x4c ./Core/Src/Dev_Inf.o
 .debug_macro   0x00000b44      0x337 ./Core/Src/Loader_Src.o
 .debug_macro   0x00000e7b      0x1c4 ./Core/Src/Loader_Src.o
 .debug_macro   0x0000103f       0x22 ./Core/Src/Loader_Src.o
 .debug_macro   0x00001061       0x5b ./Core/Src/Loader_Src.o
 .debug_macro   0x000010bc       0x2a ./Core/Src/Loader_Src.o
 .debug_macro   0x000010e6       0x94 ./Core/Src/Loader_Src.o
 .debug_macro   0x0000117a       0x43 ./Core/Src/Loader_Src.o
 .debug_macro   0x000011bd       0x34 ./Core/Src/Loader_Src.o
 .debug_macro   0x000011f1      0x190 ./Core/Src/Loader_Src.o
 .debug_macro   0x00001381       0x57 ./Core/Src/Loader_Src.o
 .debug_macro   0x000013d8      0x370 ./Core/Src/Loader_Src.o
 .debug_macro   0x00001748       0x16 ./Core/Src/Loader_Src.o
 .debug_macro   0x0000175e       0x4a ./Core/Src/Loader_Src.o
 .debug_macro   0x000017a8       0x34 ./Core/Src/Loader_Src.o
 .debug_macro   0x000017dc       0x10 ./Core/Src/Loader_Src.o
 .debug_macro   0x000017ec       0x58 ./Core/Src/Loader_Src.o
 .debug_macro   0x00001844       0x8e ./Core/Src/Loader_Src.o
 .debug_macro   0x000018d2       0x1c ./Core/Src/Loader_Src.o
 .debug_macro   0x000018ee      0x185 ./Core/Src/Loader_Src.o
 .debug_macro   0x00001a73      0x19b ./Core/Src/Loader_Src.o
 .debug_macro   0x00001c0e       0x28 ./Core/Src/Loader_Src.o
 .debug_macro   0x00001c36       0x49 ./Core/Src/Loader_Src.o
 .debug_macro   0x00001c7f      0x103 ./Core/Src/Loader_Src.o
 .debug_macro   0x00001d82       0x6a ./Core/Src/Loader_Src.o
 .debug_macro   0x00001dec      0x1df ./Core/Src/Loader_Src.o
 .debug_macro   0x00001fcb       0x1c ./Core/Src/Loader_Src.o
 .debug_macro   0x00001fe7       0x29 ./Core/Src/Loader_Src.o
 .debug_macro   0x00002010       0xfb ./Core/Src/Loader_Src.o
 .debug_macro   0x0000210b     0x1685 ./Core/Src/Loader_Src.o
 .debug_macro   0x00003790       0x5e ./Core/Src/Loader_Src.o
 .debug_macro   0x000037ee    0x21f0c ./Core/Src/Loader_Src.o
 .debug_macro   0x000256fa       0x6d ./Core/Src/Loader_Src.o
 .debug_macro   0x00025767     0x3891 ./Core/Src/Loader_Src.o
 .debug_macro   0x00028ff8       0x63 ./Core/Src/Loader_Src.o
 .debug_macro   0x0002905b     0x1fae ./Core/Src/Loader_Src.o
 .debug_macro   0x0002b009      0xe96 ./Core/Src/Loader_Src.o
 .debug_macro   0x0002be9f      0x166 ./Core/Src/Loader_Src.o
 .debug_macro   0x0002c005      0x30b ./Core/Src/Loader_Src.o
 .debug_macro   0x0002c310      0x94f ./Core/Src/Loader_Src.o
 .debug_macro   0x0002cc5f      0x478 ./Core/Src/Loader_Src.o
 .debug_macro   0x0002d0d7       0xd6 ./Core/Src/Loader_Src.o
 .debug_macro   0x0002d1ad      0x1ce ./Core/Src/Loader_Src.o
 .debug_macro   0x0002d37b      0x554 ./Core/Src/Loader_Src.o
 .debug_macro   0x0002d8cf      0x638 ./Core/Src/Loader_Src.o
 .debug_macro   0x0002df07       0x74 ./Core/Src/Loader_Src.o
 .debug_macro   0x0002df7b      0x313 ./Core/Src/Loader_Src.o
 .debug_macro   0x0002e28e      0x1bb ./Core/Src/Loader_Src.o
 .debug_macro   0x0002e449       0x1c ./Core/Src/Loader_Src.o
 .debug_macro   0x0002e465      0x65b ./Core/Src/Loader_Src.o
 .debug_macro   0x0002eac0      0x693 ./Core/Src/Loader_Src.o
 .debug_macro   0x0002f153       0xa6 ./Core/Src/Loader_Src.o
 .debug_macro   0x0002f1f9      0x2a7 ./Core/Src/Loader_Src.o
 .debug_macro   0x0002f4a0      0x47e ./Core/Src/Loader_Src.o
 .debug_macro   0x0002f91e       0x64 ./Core/Src/Loader_Src.o
 .debug_macro   0x0002f982       0xa0 ./Core/Src/Loader_Src.o
 .debug_macro   0x0002fa22       0x2e ./Core/Src/Loader_Src.o
 .debug_macro   0x0002fa50      0x397 ./Core/Src/Loader_Src.o
 .debug_macro   0x0002fde7      0x1a4 ./Core/Src/Loader_Src.o
 .debug_macro   0x0002ff8b       0x16 ./Core/Src/Loader_Src.o
 .debug_macro   0x0002ffa1       0x3c ./Core/Src/Loader_Src.o
 .debug_macro   0x0002ffdd       0x20 ./Core/Src/Loader_Src.o
 .debug_macro   0x0002fffd       0x1c ./Core/Src/Loader_Src.o
 .debug_macro   0x00030019       0x10 ./Core/Src/Loader_Src.o
 .debug_macro   0x00030029       0x1c ./Core/Src/Loader_Src.o
 .debug_macro   0x00030045       0x16 ./Core/Src/Loader_Src.o
 .debug_macro   0x0003005b      0x146 ./Core/Src/Loader_Src.o
 .debug_macro   0x000301a1      0x290 ./Core/Src/mx25lm51245g.o
 .debug_macro   0x00030431       0x28 ./Core/Src/mx25lm51245g.o
 .debug_macro   0x00030459      0x2b1 ./Core/Src/stm32h573i_discovery_ospi.o
 .debug_macro   0x0003070a      0x27c ./Core/Src/stm32h5xx_hal_msp.o
 .debug_macro   0x00030986      0x286 ./Core/Src/stm32h5xx_it.o
 .debug_macro   0x00030c0c      0x274 ./Core/Src/syscalls.o
 .debug_macro   0x00030e80       0x10 ./Core/Src/syscalls.o
 .debug_macro   0x00030e90       0x10 ./Core/Src/syscalls.o
 .debug_macro   0x00030ea0       0x10 ./Core/Src/syscalls.o
 .debug_macro   0x00030eb0       0x10 ./Core/Src/syscalls.o
 .debug_macro   0x00030ec0       0x1c ./Core/Src/syscalls.o
 .debug_macro   0x00030edc       0x52 ./Core/Src/syscalls.o
 .debug_macro   0x00030f2e       0x22 ./Core/Src/syscalls.o
 .debug_macro   0x00030f50       0x10 ./Core/Src/syscalls.o
 .debug_macro   0x00030f60       0x52 ./Core/Src/syscalls.o
 .debug_macro   0x00030fb2       0xcf ./Core/Src/syscalls.o
 .debug_macro   0x00031081       0x1c ./Core/Src/syscalls.o
 .debug_macro   0x0003109d       0x3d ./Core/Src/syscalls.o
 .debug_macro   0x000310da       0x35 ./Core/Src/syscalls.o
 .debug_macro   0x0003110f      0x12c ./Core/Src/syscalls.o
 .debug_macro   0x0003123b       0x16 ./Core/Src/syscalls.o
 .debug_macro   0x00031251       0x16 ./Core/Src/syscalls.o
 .debug_macro   0x00031267       0x29 ./Core/Src/syscalls.o
 .debug_macro   0x00031290       0x10 ./Core/Src/syscalls.o
 .debug_macro   0x000312a0      0x242 ./Core/Src/syscalls.o
 .debug_macro   0x000314e2       0x10 ./Core/Src/syscalls.o
 .debug_macro   0x000314f2      0x18a ./Core/Src/syscalls.o
 .debug_macro   0x0003167c       0x16 ./Core/Src/syscalls.o
 .debug_macro   0x00031692       0xce ./Core/Src/syscalls.o
 .debug_macro   0x00031760      0x112 ./Core/Src/sysmem.o
 .debug_macro   0x00031872      0x23c ./Core/Src/sysmem.o
 .debug_macro   0x00031aae      0x279 ./Core/Src/system_stm32h5xx.o
 .debug_macro   0x00031d27      0x2a8 ./Drivers/STM32H5xx_HAL_Driver/Src/stm32h5xx_hal.o
 .debug_macro   0x00031fcf      0x272 ./Drivers/STM32H5xx_HAL_Driver/Src/stm32h5xx_hal_cortex.o
 .debug_macro   0x00032241      0x273 ./Drivers/STM32H5xx_HAL_Driver/Src/stm32h5xx_hal_dma.o
 .debug_macro   0x000324b4      0x2a8 ./Drivers/STM32H5xx_HAL_Driver/Src/stm32h5xx_hal_gpio.o
 .debug_macro   0x0003275c      0x2b4 ./Drivers/STM32H5xx_HAL_Driver/Src/stm32h5xx_hal_rcc.o
 .debug_macro   0x00032a10      0x284 ./Drivers/STM32H5xx_HAL_Driver/Src/stm32h5xx_hal_rcc_ex.o
 .debug_macro   0x00032c94      0x29d ./Drivers/STM32H5xx_HAL_Driver/Src/stm32h5xx_hal_uart.o
 .debug_macro   0x00032f31      0x2a4 ./Drivers/STM32H5xx_HAL_Driver/Src/stm32h5xx_hal_xspi.o
 .debug_macro   0x000331d5      0x284 ./Drivers/STM32H5xx_HAL_Driver/Src/stm32h5xx_ll_dlyb.o

.debug_line     0x00000000    0x13cc8
 .debug_line    0x00000000       0x4f ./Core/Src/Dev_Inf.o
 .debug_line    0x0000004f      0xed9 ./Core/Src/Loader_Src.o
 .debug_line    0x00000f28     0x1da5 ./Core/Src/mx25lm51245g.o
 .debug_line    0x00002ccd     0x109a ./Core/Src/stm32h573i_discovery_ospi.o
 .debug_line    0x00003d67      0x834 ./Core/Src/stm32h5xx_hal_msp.o
 .debug_line    0x0000459b      0x8e6 ./Core/Src/stm32h5xx_it.o
 .debug_line    0x00004e81      0x86b ./Core/Src/syscalls.o
 .debug_line    0x000056ec      0x547 ./Core/Src/sysmem.o
 .debug_line    0x00005c33      0x9bb ./Core/Src/system_stm32h5xx.o
 .debug_line    0x000065ee       0x7b ./Core/Startup/startup_stm32h573iikxq.o
 .debug_line    0x00006669      0xf5b ./Drivers/STM32H5xx_HAL_Driver/Src/stm32h5xx_hal.o
 .debug_line    0x000075c4      0xe8a ./Drivers/STM32H5xx_HAL_Driver/Src/stm32h5xx_hal_cortex.o
 .debug_line    0x0000844e     0x12c2 ./Drivers/STM32H5xx_HAL_Driver/Src/stm32h5xx_hal_dma.o
 .debug_line    0x00009710      0xc30 ./Drivers/STM32H5xx_HAL_Driver/Src/stm32h5xx_hal_gpio.o
 .debug_line    0x0000a340     0x13d3 ./Drivers/STM32H5xx_HAL_Driver/Src/stm32h5xx_hal_rcc.o
 .debug_line    0x0000b713     0x2e61 ./Drivers/STM32H5xx_HAL_Driver/Src/stm32h5xx_hal_rcc_ex.o
 .debug_line    0x0000e574     0x3516 ./Drivers/STM32H5xx_HAL_Driver/Src/stm32h5xx_hal_uart.o
 .debug_line    0x00011a8a     0x1915 ./Drivers/STM32H5xx_HAL_Driver/Src/stm32h5xx_hal_xspi.o
 .debug_line    0x0001339f      0x929 ./Drivers/STM32H5xx_HAL_Driver/Src/stm32h5xx_ll_dlyb.o

.debug_str      0x00000000   0x13e628
 .debug_str     0x00000000   0x13e628 ./Core/Src/Dev_Inf.o
                               0x300f (size before relaxing)
 .debug_str     0x0013e628        0x0 ./Core/Src/Loader_Src.o
                             0x1382a2 (size before relaxing)
 .debug_str     0x0013e628        0x0 ./Core/Src/mx25lm51245g.o
                             0x136325 (size before relaxing)
 .debug_str     0x0013e628        0x0 ./Core/Src/stm32h573i_discovery_ospi.o
                             0x137581 (size before relaxing)
 .debug_str     0x0013e628        0x0 ./Core/Src/stm32h5xx_hal_msp.o
                             0x133f52 (size before relaxing)
 .debug_str     0x0013e628        0x0 ./Core/Src/stm32h5xx_it.o
                             0x133fef (size before relaxing)
 .debug_str     0x0013e628        0x0 ./Core/Src/syscalls.o
                               0x9a23 (size before relaxing)
 .debug_str     0x0013e628        0x0 ./Core/Src/sysmem.o
                               0x77c1 (size before relaxing)
 .debug_str     0x0013e628        0x0 ./Core/Src/system_stm32h5xx.o
                             0x1345d9 (size before relaxing)
 .debug_str     0x0013e628        0x0 ./Core/Startup/startup_stm32h573iikxq.o
                                 0xa2 (size before relaxing)
 .debug_str     0x0013e628        0x0 ./Drivers/STM32H5xx_HAL_Driver/Src/stm32h5xx_hal.o
                             0x135445 (size before relaxing)
 .debug_str     0x0013e628        0x0 ./Drivers/STM32H5xx_HAL_Driver/Src/stm32h5xx_hal_cortex.o
                             0x134fd4 (size before relaxing)
 .debug_str     0x0013e628        0x0 ./Drivers/STM32H5xx_HAL_Driver/Src/stm32h5xx_hal_dma.o
                             0x1346c9 (size before relaxing)
 .debug_str     0x0013e628        0x0 ./Drivers/STM32H5xx_HAL_Driver/Src/stm32h5xx_hal_gpio.o
                             0x13433e (size before relaxing)
 .debug_str     0x0013e628        0x0 ./Drivers/STM32H5xx_HAL_Driver/Src/stm32h5xx_hal_rcc.o
                             0x134b1e (size before relaxing)
 .debug_str     0x0013e628        0x0 ./Drivers/STM32H5xx_HAL_Driver/Src/stm32h5xx_hal_rcc_ex.o
                             0x134e68 (size before relaxing)
 .debug_str     0x0013e628        0x0 ./Drivers/STM32H5xx_HAL_Driver/Src/stm32h5xx_hal_uart.o
                             0x13501f (size before relaxing)
 .debug_str     0x0013e628        0x0 ./Drivers/STM32H5xx_HAL_Driver/Src/stm32h5xx_hal_xspi.o
                             0x134fd9 (size before relaxing)
 .debug_str     0x0013e628        0x0 ./Drivers/STM32H5xx_HAL_Driver/Src/stm32h5xx_ll_dlyb.o