../Core/Src/Loader_Src.c:133:19:HAL_InitTick	24	static
../Core/Src/Loader_Src.c:159:10:HAL_GetTick	4	static
../Core/Src/Loader_Src.c:217:5:main	8	static
../Core/Src/Loader_Src.c:271:30:Init	16	static,ignoring_inline_asm
../Core/Src/Loader_Src.c:360:30:MassErase	24	static,ignoring_inline_asm
../Core/Src/Loader_Src.c:414:30:Write	32	static,ignoring_inline_asm
../Core/Src/Loader_Src.c:469:30:SectorErase	32	static,ignoring_inline_asm
../Core/Src/Loader_Src.c:541:30:CheckSum	40	static
../Core/Src/Loader_Src.c:632:30:Verify	64	static
../Core/Src/Loader_Src.c:694:13:SystemClock_Config	120	static
../Core/Src/Loader_Src.c:756:1:__io_putchar	16	static
../Core/Src/Loader_Src.c:785:19:COM_Init	8	static
../Core/Src/Loader_Src.c:818:6:HAL_UART_MspInit	48	static
../Core/Src/Loader_Src.c:854:6:HAL_UART_MspDeInit	16	static
